sweep done 0.2
family                        cfg  n_is  wr_is  avg_is  pf_is  tot_is  dd_is  n_oos  wr_oos  avg_oos  pf_oos  tot_oos  dd_oos  avg_risk
 SWEEP win<10:30 rr1.0 minsweep0t   707   46.8  -0.125   0.78   -88.7   88.6    492    47.8   -0.091    0.84    -44.7    70.5      25.4
 SWEEP win<10:30 rr1.0 minsweep4t   696   49.1  -0.067   0.88   -46.7   51.0    484    49.2   -0.058    0.89    -28.0    56.5      26.9
 SWEEP win<10:30 rr1.5 minsweep0t   707   39.2  -0.085   0.87   -60.4   68.4    492    39.6   -0.058    0.91    -28.7    55.8      25.4
 SWEEP win<10:30 rr1.5 minsweep4t   696   40.8  -0.033   0.95   -22.9   37.9    484    40.7   -0.028    0.96    -13.5    43.3      26.9
 SWEEP win<10:30 rr2.0 minsweep0t   707   32.5  -0.095   0.87   -66.8   78.3    492    34.8    0.000    1.00      0.1    41.7      25.4
 SWEEP win<10:30 rr2.0 minsweep4t   696   33.8  -0.046   0.93   -31.9   45.1    484    35.7    0.031    1.05     14.8    34.6      26.9
 SWEEP win<10:30 rr3.0 minsweep0t   707   26.2  -0.044   0.94   -31.2   60.0    492    28.3    0.045    1.06     22.4    28.8      25.4
 SWEEP win<10:30 rr3.0 minsweep4t   696   27.0   0.001   1.00     0.7   39.7    484    29.3    0.085    1.12     41.1    22.4      26.9
 SWEEP win<11:00 rr1.0 minsweep0t   773   46.7  -0.129   0.78   -99.6  100.5    527    47.6   -0.096    0.83    -50.6    74.5      26.5
 SWEEP win<11:00 rr1.0 minsweep4t   765   49.3  -0.065   0.88   -49.9   51.4    520    48.8   -0.066    0.88    -34.2    61.3      28.1
 SWEEP win<11:00 rr1.5 minsweep0t   773   39.3  -0.085   0.87   -65.4   70.8    527    39.3   -0.069    0.89    -36.4    61.2      26.5
 SWEEP win<11:00 rr1.5 minsweep4t   765   41.2  -0.027   0.96   -20.3   33.6    520    40.2   -0.041    0.93    -21.5    52.0      28.1
 SWEEP win<11:00 rr2.0 minsweep0t   773   32.9  -0.094   0.87   -72.5   80.4    527    34.0   -0.031    0.96    -16.3    57.1      26.5
 SWEEP win<11:00 rr2.0 minsweep4t   765   34.2  -0.040   0.94   -30.9   48.8    520    34.8   -0.004    0.99     -1.9    49.7      28.1
 SWEEP win<11:00 rr3.0 minsweep0t   773   26.1  -0.066   0.92   -50.8   67.5    527    27.9    0.021    1.03     10.9    43.9      26.5
 SWEEP win<11:00 rr3.0 minsweep4t   765   27.2  -0.012   0.98    -9.3   44.3    520    28.8    0.057    1.08     29.4    29.9      28.1
 SWEEP win<12:00 rr1.0 minsweep0t   831   46.5  -0.134   0.77  -111.0  111.9    562    48.8   -0.071    0.87    -39.9    68.9      27.0
 SWEEP win<12:00 rr1.0 minsweep4t   823   48.7  -0.076   0.86   -62.8   62.7    557    50.3   -0.036    0.93    -19.8    51.1      28.8
 SWEEP win<12:00 rr1.5 minsweep0t   831   39.2  -0.086   0.87   -71.8   76.3    562    40.4   -0.045    0.93    -25.4    55.4      27.0
 SWEEP win<12:00 rr1.5 minsweep4t   823   40.8  -0.035   0.94   -29.2   41.3    557    41.7   -0.011    0.98     -6.2    40.4      28.8
 SWEEP win<12:00 rr2.0 minsweep0t   831   32.6  -0.100   0.86   -83.5   93.2    562    35.2   -0.007    0.99     -3.8    48.7      27.0
 SWEEP win<12:00 rr2.0 minsweep4t   823   33.8  -0.055   0.92   -45.5   53.1    557    36.4    0.028    1.04     15.9    40.4      28.8
 SWEEP win<12:00 rr3.0 minsweep0t   831   25.9  -0.075   0.90   -62.7   78.2    562    29.0    0.040    1.05     22.4    40.6      27.0
 SWEEP win<12:00 rr3.0 minsweep4t   823   26.7  -0.032   0.96   -26.6   48.2    557    30.3    0.079    1.11     44.0    27.0      28.8
