fvg done 1.4
family                                          cfg  n_is  wr_is  avg_is  pf_is  tot_is  dd_is  n_oos  wr_oos  avg_oos  pf_oos  tot_oos  dd_oos  avg_risk
FVGWIN     SB 10-11 gap0.3 entry=edge stop=c1 rr1.0  1017   48.9  -0.061   0.89   -61.5   60.5    697    48.2   -0.062    0.89    -42.9    66.8      27.1
FVGWIN     SB 10-11 gap0.3 entry=edge stop=c1 rr2.0  1026   35.4   0.020   1.03    20.5   33.6    702    35.2    0.032    1.05     22.2    45.1      26.1
FVGWIN     SB 10-11 gap0.3 entry=edge stop=c1 rr3.0  1027   28.4   0.084   1.11    86.7   39.4    702    25.5   -0.018    0.98    -12.6    66.4      25.8
FVGWIN     SB 10-11 gap0.3 entry=edge stop=c2 rr1.0  1000   47.3  -0.090   0.84   -90.2   92.0    686    44.8   -0.134    0.77    -91.9   114.3      17.9
FVGWIN     SB 10-11 gap0.3 entry=edge stop=c2 rr2.0  1023   35.0  -0.019   0.97   -19.1   39.4    697    32.1   -0.085    0.88    -59.0    91.1      18.3
FVGWIN     SB 10-11 gap0.3 entry=edge stop=c2 rr3.0  1027   28.6   0.068   1.09    69.6   47.0    702    25.6   -0.011    0.99     -7.8    61.6      18.2
FVGWIN      SB 10-11 gap0.3 entry=mid stop=c1 rr1.0   925   45.0  -0.148   0.75  -136.7  142.0    630    47.3   -0.084    0.85    -53.2    78.7      21.5
FVGWIN      SB 10-11 gap0.3 entry=mid stop=c1 rr2.0  1017   33.7  -0.040   0.94   -41.0   53.5    689    34.3   -0.015    0.98    -10.5    64.1      20.9
FVGWIN      SB 10-11 gap0.3 entry=mid stop=c1 rr3.0  1023   27.7   0.050   1.07    51.3   40.0    690    24.8   -0.043    0.95    -29.7    91.5      20.1
FVGWIN      SB 10-11 gap0.3 entry=mid stop=c2 rr1.0   791   40.7  -0.249   0.63  -197.1  199.8    552    42.8   -0.176    0.72    -97.4   108.6      11.5
FVGWIN      SB 10-11 gap0.3 entry=mid stop=c2 rr2.0   949   27.6  -0.271   0.67  -256.9  264.4    653    27.9   -0.225    0.71   -147.0   159.2      12.7
FVGWIN      SB 10-11 gap0.3 entry=mid stop=c2 rr3.0  1005   24.1  -0.140   0.84  -140.2  144.7    681    21.0   -0.222    0.74   -151.3   170.3      12.7
FVGWIN     SB 10-11 gap0.8 entry=edge stop=c1 rr1.0   666   48.6  -0.057   0.89   -38.1   37.8    399    46.1   -0.103    0.81    -41.2    42.6      31.4
FVGWIN     SB 10-11 gap0.8 entry=edge stop=c1 rr2.0   726   32.2  -0.066   0.91   -47.8   59.6    447    30.9   -0.105    0.85    -47.1    60.1      31.3
FVGWIN     SB 10-11 gap0.8 entry=edge stop=c1 rr3.0   726   26.3  -0.013   0.98    -9.2   46.7    453    24.3   -0.105    0.86    -47.7    80.8      31.2
FVGWIN     SB 10-11 gap0.8 entry=edge stop=c2 rr1.0   589   47.2  -0.095   0.83   -55.7   63.6    357    46.2   -0.106    0.81    -37.8    40.8      22.8
FVGWIN     SB 10-11 gap0.8 entry=edge stop=c2 rr2.0   707   33.0  -0.057   0.92   -40.0   54.3    435    32.0   -0.084    0.88    -36.6    51.1      22.4
FVGWIN     SB 10-11 gap0.8 entry=edge stop=c2 rr3.0   726   26.3  -0.002   1.00    -1.2   52.0    452    25.7   -0.015    0.98     -6.7    50.0      22.5
FVGWIN      SB 10-11 gap0.8 entry=mid stop=c1 rr1.0   337   45.4  -0.133   0.77   -45.0   45.8    192    47.4   -0.080    0.85    -15.3    23.7      24.1
FVGWIN      SB 10-11 gap0.8 entry=mid stop=c1 rr2.0   583   31.0  -0.114   0.84   -66.5   75.2    362    31.2   -0.111    0.85    -40.1    48.9      22.5
FVGWIN      SB 10-11 gap0.8 entry=mid stop=c1 rr3.0   627   23.9  -0.092   0.88   -57.9   59.1    392    21.2   -0.202    0.75    -79.2   100.8      22.4
FVGWIN      SB 10-11 gap0.8 entry=mid stop=c2 rr1.0   160   46.9  -0.135   0.77   -21.7   29.1    112    50.0   -0.036    0.93     -4.0    10.2      15.5
FVGWIN      SB 10-11 gap0.8 entry=mid stop=c2 rr2.0   390   28.7  -0.214   0.72   -83.6   88.2    243    29.2   -0.174    0.77    -42.2    48.2      15.0
FVGWIN      SB 10-11 gap0.8 entry=mid stop=c2 rr3.0   546   24.5  -0.098   0.88   -53.4   61.8    336    20.5   -0.235    0.72    -79.0    96.1      13.9
FVGWIN open 9:30-10 gap0.3 entry=edge stop=c1 rr1.0   934   50.1  -0.025   0.95   -23.3   51.3    646    52.3    0.026    1.05     17.0    15.3      33.6
FVGWIN open 9:30-10 gap0.3 entry=edge stop=c1 rr2.0   978   35.7   0.034   1.05    33.6   26.4    673    41.3    0.208    1.34    140.0    14.7      32.8
FVGWIN open 9:30-10 gap0.3 entry=edge stop=c1 rr3.0   981   28.6   0.081   1.11    79.6   22.8    676    32.1    0.224    1.32    151.6    25.6      32.3
FVGWIN open 9:30-10 gap0.3 entry=edge stop=c2 rr1.0   867   45.7  -0.118   0.79  -102.6  110.3    603    48.6   -0.045    0.92    -27.2    36.7      20.8
FVGWIN open 9:30-10 gap0.3 entry=edge stop=c2 rr2.0   950   34.0  -0.029   0.96   -27.3   54.7    660    37.7    0.097    1.15     63.7    19.3      21.6
FVGWIN open 9:30-10 gap0.3 entry=edge stop=c2 rr3.0   972   28.1   0.066   1.09    63.7   44.5    673    31.2    0.202    1.28    135.8    24.5      21.2
FVGWIN  open 9:30-10 gap0.3 entry=mid stop=c1 rr1.0   778   47.6  -0.081   0.85   -63.1   69.8    515    48.3   -0.058    0.89    -29.9    42.1      27.6
FVGWIN  open 9:30-10 gap0.3 entry=mid stop=c1 rr2.0   931   34.8   0.006   1.01     5.7   33.8    647    36.9    0.073    1.11     47.2    19.6      27.1
FVGWIN  open 9:30-10 gap0.3 entry=mid stop=c1 rr3.0   954   27.6   0.047   1.06    45.2   37.8    659    31.6    0.221    1.31    145.6    19.7      26.6
FVGWIN  open 9:30-10 gap0.3 entry=mid stop=c2 rr1.0   617   41.5  -0.194   0.70  -119.6  122.1    405    40.0   -0.181    0.72    -73.3    76.1      13.9
FVGWIN  open 9:30-10 gap0.3 entry=mid stop=c2 rr2.0   784   29.8  -0.168   0.78  -131.4  139.0    539    33.6   -0.024    0.97    -13.1    34.3      15.7
FVGWIN  open 9:30-10 gap0.3 entry=mid stop=c2 rr3.0   884   25.3  -0.055   0.93   -49.1   77.4    607    26.5    0.010    1.01      5.9    30.2      15.6
FVGWIN open 9:30-10 gap0.8 entry=edge stop=c1 rr1.0   573   50.1  -0.021   0.96   -12.2   29.2    380    46.1   -0.096    0.83    -36.3    42.4      39.4
FVGWIN open 9:30-10 gap0.8 entry=edge stop=c1 rr2.0   639   32.9  -0.045   0.93   -28.9   41.6    420    34.8    0.001    1.00      0.6    24.3      38.6
FVGWIN open 9:30-10 gap0.8 entry=edge stop=c1 rr3.0   643   25.3  -0.059   0.92   -38.0   53.6    424    28.3    0.046    1.06     19.4    23.1      38.3
FVGWIN open 9:30-10 gap0.8 entry=edge stop=c2 rr1.0   469   50.5  -0.016   0.97    -7.4   27.7    323    48.3   -0.055    0.90    -17.8    23.7      26.5
FVGWIN open 9:30-10 gap0.8 entry=edge stop=c2 rr2.0   605   33.4  -0.038   0.94   -23.1   42.0    407    33.4   -0.029    0.96    -11.6    25.3      26.2
FVGWIN open 9:30-10 gap0.8 entry=edge stop=c2 rr3.0   637   26.2  -0.001   1.00    -0.4   35.2    421    26.4    0.007    1.01      3.0    27.9      25.7
FVGWIN  open 9:30-10 gap0.8 entry=mid stop=c1 rr1.0   296   46.6  -0.094   0.83   -28.0   29.6    181    44.2   -0.136    0.76    -24.6    27.6      32.3
FVGWIN  open 9:30-10 gap0.8 entry=mid stop=c1 rr2.0   517   33.1  -0.040   0.94   -20.8   31.1    342    32.5   -0.066    0.91    -22.4    52.2      30.1
FVGWIN  open 9:30-10 gap0.8 entry=mid stop=c1 rr3.0   557   24.8  -0.066   0.92   -36.8   45.6    370    26.2   -0.010    0.99     -3.8    42.5      29.4
FVGWIN  open 9:30-10 gap0.8 entry=mid stop=c2 rr1.0   182   48.4  -0.067   0.88   -12.2   15.1     97    43.3   -0.154    0.74    -15.0    16.2      17.4
FVGWIN  open 9:30-10 gap0.8 entry=mid stop=c2 rr2.0   323   32.2  -0.086   0.88   -27.8   43.1    219    29.2   -0.163    0.78    -35.6    39.6      18.7
FVGWIN  open 9:30-10 gap0.8 entry=mid stop=c2 rr3.0   460   23.0  -0.139   0.83   -64.0   78.3    300    24.0   -0.083    0.90    -24.8    36.7      17.6
FVGWIN     PM 14-15 gap0.3 entry=edge stop=c1 rr1.0   989   50.3  -0.056   0.90   -54.9   62.0    664    50.5   -0.037    0.93    -24.3    48.9      16.6
FVGWIN     PM 14-15 gap0.3 entry=edge stop=c1 rr2.0   992   35.3  -0.017   0.97   -17.3   46.9    674    35.3   -0.004    0.99     -3.0    42.2      16.2
FVGWIN     PM 14-15 gap0.3 entry=edge stop=c1 rr3.0   992   28.8   0.051   1.07    50.2   31.9    675    28.0    0.022    1.03     14.7    42.2      15.9
FVGWIN     PM 14-15 gap0.3 entry=edge stop=c2 rr1.0   966   47.7  -0.126   0.78  -121.7  123.1    652    47.1   -0.118    0.80    -76.9    79.6      11.3
FVGWIN     PM 14-15 gap0.3 entry=edge stop=c2 rr2.0   989   34.9  -0.052   0.93   -51.7   61.6    670    36.6    0.017    1.02     11.1    38.5      11.5
FVGWIN     PM 14-15 gap0.3 entry=edge stop=c2 rr3.0   991   26.1  -0.070   0.91   -69.4   88.1    674    29.2    0.075    1.10     50.5    45.3      11.4
FVGWIN      PM 14-15 gap0.3 entry=mid stop=c1 rr1.0   898   47.2  -0.126   0.78  -113.5  117.7    591    45.7   -0.135    0.77    -79.6    82.6      13.4
FVGWIN      PM 14-15 gap0.3 entry=mid stop=c1 rr2.0   980   36.0  -0.006   0.99    -6.2   42.0    666    34.7   -0.017    0.98    -11.4    52.7      13.1
FVGWIN      PM 14-15 gap0.3 entry=mid stop=c1 rr3.0   990   29.3   0.072   1.09    71.3   44.8    672    27.4   -0.002    1.00     -1.6    38.1      12.7
FVGWIN      PM 14-15 gap0.3 entry=mid stop=c2 rr1.0   784   40.3  -0.304   0.57  -238.2  243.3    509    39.1   -0.283    0.59   -144.2   145.0       7.2
FVGWIN      PM 14-15 gap0.3 entry=mid stop=c2 rr2.0   923   32.7  -0.155   0.80  -142.8  145.7    615    29.6   -0.211    0.73   -129.7   132.5       7.9
FVGWIN      PM 14-15 gap0.3 entry=mid stop=c2 rr3.0   975   26.4  -0.092   0.89   -90.0  100.2    656    26.5   -0.045    0.94    -29.7    51.2       8.0
FVGWIN     PM 14-15 gap0.8 entry=edge stop=c1 rr1.0   661   50.5  -0.036   0.93   -23.7   35.8    417    47.0   -0.097    0.82    -40.4    44.9      21.6
FVGWIN     PM 14-15 gap0.8 entry=edge stop=c1 rr2.0   731   33.7  -0.075   0.89   -55.1   68.0    460    31.1   -0.146    0.80    -67.1    75.1      20.9
FVGWIN     PM 14-15 gap0.8 entry=edge stop=c1 rr3.0   734   27.4  -0.060   0.92   -44.2   84.7    464    26.1   -0.123    0.84    -56.8    60.6      20.8
FVGWIN     PM 14-15 gap0.8 entry=edge stop=c2 rr1.0   591   48.2  -0.098   0.82   -58.1   60.4    365    45.5   -0.133    0.77    -48.5    51.6      15.8
FVGWIN     PM 14-15 gap0.8 entry=edge stop=c2 rr2.0   704   33.1  -0.091   0.87   -64.1   80.9    448    30.1   -0.160    0.79    -71.5    74.2      15.3
FVGWIN     PM 14-15 gap0.8 entry=edge stop=c2 rr3.0   732   26.1  -0.073   0.91   -53.6   91.1    461    23.2   -0.167    0.80    -76.8    81.8      15.2
FVGWIN      PM 14-15 gap0.8 entry=mid stop=c1 rr1.0   340   47.9  -0.106   0.81   -36.1   56.9    196    43.9   -0.168    0.72    -33.0    33.8      16.7
FVGWIN      PM 14-15 gap0.8 entry=mid stop=c1 rr2.0   598   33.9  -0.061   0.91   -36.5   56.6    367    31.9   -0.106    0.85    -38.8    48.4      15.7
FVGWIN      PM 14-15 gap0.8 entry=mid stop=c1 rr3.0   652   24.4  -0.138   0.83   -90.0  102.5    411    23.8   -0.167    0.79    -68.6    78.9      15.3
FVGWIN      PM 14-15 gap0.8 entry=mid stop=c2 rr1.0   177   42.9  -0.249   0.62   -44.1   48.9    112    35.7   -0.368    0.48    -41.2    41.0      10.0
FVGWIN      PM 14-15 gap0.8 entry=mid stop=c2 rr2.0   418   31.8  -0.163   0.79   -68.2   73.6    236    26.7   -0.282    0.65    -66.5    67.4       9.9
FVGWIN      PM 14-15 gap0.8 entry=mid stop=c2 rr3.0   574   24.0  -0.158   0.82   -91.0   90.3    342    23.1   -0.164    0.81    -56.0    58.5       9.5
