ifvg done 4.0
family                                   cfg  n_is  wr_is  avg_is  pf_is  tot_is  dd_is  n_oos  wr_oos  avg_oos  pf_oos  tot_oos  dd_oos  avg_risk
  IFVG     rr1.0 sl1.5 ref=line NY mode=pine  1834   76.4   0.486   2.98   892.1    4.5   1132    75.5    0.481    2.90    544.0     8.2      18.3
  IFVG    rr1.0 sl1.5 ref=line NY mode=limit   866   49.1  -0.071   0.87   -61.8   65.9    551    49.0   -0.057    0.89    -31.6    36.4      18.2
  IFVG    rr1.0 sl1.5 ref=line 24h mode=pine  6917   78.2   0.478   3.02  3308.0    9.2   4588    77.8    0.492    3.09   2259.5     7.3      10.8
  IFVG   rr1.0 sl1.5 ref=line 24h mode=limit  2876   47.1  -0.163   0.73  -467.5  475.0   1933    46.6   -0.146    0.75   -282.3   285.0      10.9
  IFVG    rr1.0 sl1.5 ref=close NY mode=pine  2448   50.6  -0.030   0.94   -74.5  109.0   1563    52.0    0.011    1.02     16.8    31.6      18.5
  IFVG  rr1.0 sl1.5 ref=close NY mode=market  2448   49.2  -0.068   0.87  -167.2  182.2   1564    51.3   -0.011    0.98    -18.0    38.9      18.5
  IFVG   rr1.0 sl1.5 ref=close 24h mode=pine  8648   49.6  -0.093   0.83  -803.8  815.1   5919    50.3   -0.057    0.89   -335.5   336.3      11.1
  IFVG rr1.0 sl1.5 ref=close 24h mode=market  8532   47.0  -0.168   0.72 -1432.1 1435.5   5832    48.3   -0.116    0.80   -677.0   677.7      11.0
  IFVG     rr1.5 sl1.5 ref=line NY mode=pine   435   63.9   0.554   2.46   240.9    5.3    254    65.4    0.605    2.69    153.7     4.7      18.4
  IFVG    rr1.5 sl1.5 ref=line NY mode=limit   251   37.8  -0.114   0.83   -28.7   31.6    161    45.3    0.087    1.15     14.1    12.7      18.3
  IFVG    rr1.5 sl1.5 ref=line 24h mode=pine  1652   68.9   0.637   2.88  1051.6    7.5   1042    67.0    0.612    2.74    637.6     5.7      11.0
  IFVG   rr1.5 sl1.5 ref=line 24h mode=limit   808   38.0  -0.163   0.77  -131.5  137.6    552    38.8   -0.121    0.82    -66.6    83.0      10.9
  IFVG    rr1.5 sl1.5 ref=close NY mode=pine  1456   42.2   0.014   1.02    20.3   52.5    930    40.3   -0.021    0.97    -19.3    49.1      18.9
  IFVG  rr1.5 sl1.5 ref=close NY mode=market  1458   40.8  -0.032   0.95   -46.8   76.6    930    39.2   -0.057    0.91    -53.2    71.4      18.9
  IFVG   rr1.5 sl1.5 ref=close 24h mode=pine  4774   41.0  -0.057   0.91  -273.5  292.2   3324    40.1   -0.059    0.91   -196.4   229.2      11.5
  IFVG rr1.5 sl1.5 ref=close 24h mode=market  4710   38.8  -0.137   0.80  -645.7  661.2   3284    38.3   -0.128    0.81   -420.4   432.3      11.4
  IFVG     rr2.0 sl1.5 ref=line NY mode=pine   138   56.5   0.656   2.45    90.6    5.4     94    53.2    0.568    2.18     53.4     5.1      18.9
  IFVG    rr2.0 sl1.5 ref=line NY mode=limit    82   29.3  -0.179   0.76   -14.7   17.6     63    33.3   -0.038    0.94     -2.4    10.4      18.1
  IFVG    rr2.0 sl1.5 ref=line 24h mode=pine   574   65.7   0.888   3.39   510.0    6.8    383    63.2    0.835    3.14    320.0     6.1      11.7
  IFVG   rr2.0 sl1.5 ref=line 24h mode=limit   291   36.1  -0.031   0.96    -9.1   27.4    197    34.5   -0.081    0.89    -15.9    31.1      11.2
  IFVG    rr2.0 sl1.5 ref=close NY mode=pine  1159   33.8  -0.025   0.96   -29.1   60.5    764    34.0   -0.007    0.99     -5.5    40.0      19.4
  IFVG  rr2.0 sl1.5 ref=close NY mode=market  1160   33.4  -0.052   0.93   -60.5   81.9    764    32.7   -0.058    0.92    -44.1    58.3      19.4
  IFVG   rr2.0 sl1.5 ref=close 24h mode=pine  3632   33.5  -0.073   0.90  -266.6  324.1   2625    33.5   -0.056    0.92   -147.3   199.1      11.9
  IFVG rr2.0 sl1.5 ref=close 24h mode=market  3577   32.4  -0.136   0.82  -487.0  552.0   2600    32.2   -0.125    0.83   -326.0   342.8      11.8
  IFVG     rr1.0 sl1.0 ref=line NY mode=pine  4786   84.2   0.619   4.69  2964.7    5.1   3125    82.8    0.612    4.41   1911.1     4.2      12.1
  IFVG    rr1.0 sl1.0 ref=line NY mode=limit  1557   44.1  -0.188   0.69  -292.0  291.3   1081    43.6   -0.182    0.70   -196.3   198.0      12.2
  IFVG    rr1.0 sl1.0 ref=line 24h mode=pine 18589   85.4   0.577   4.49 10734.1    6.8  12770    84.9    0.603    4.66   7694.4     5.1       7.1
  IFVG   rr1.0 sl1.0 ref=line 24h mode=limit  5501   43.4  -0.285   0.58 -1569.0 1569.7   3837    43.4   -0.239    0.63   -918.6   921.4       7.3
  IFVG    rr1.0 sl1.0 ref=close NY mode=pine  4357   49.8  -0.069   0.87  -300.2  306.2   2775    49.0   -0.064    0.88   -177.6   195.2      12.1
  IFVG  rr1.0 sl1.0 ref=close NY mode=market  4353   47.4  -0.134   0.77  -581.1  583.3   2776    47.6   -0.106    0.81   -293.5   303.2      12.1
  IFVG   rr1.0 sl1.0 ref=close 24h mode=pine 16010   48.5  -0.158   0.73 -2526.2 2528.3  10994    48.7   -0.120    0.79  -1323.7  1322.3       7.2
  IFVG rr1.0 sl1.0 ref=close 24h mode=market 15811   44.4  -0.276   0.59 -4366.5 4366.8  10845    45.5   -0.213    0.66  -2311.3  2311.9       7.2
