
SETUP 0: median PF IS 0.92 C24 0.91 FUT 0.98
 setup  rej   sk   R  tgt_poc  bias  last  is_n  is_wr  is_pf  c24_n  c24_wr  c24_pf  fut_n  fut_wr  fut_pf     m
     0 0.06 0.35 2.0        0     1   900   341   33.7  1.060    231    34.2   1.108    207    38.6   1.277 1.060
     0 0.06 0.35 2.0        0     1   720   323   33.1  1.048    219    34.7   1.130    196    38.8   1.259 1.048
     0 0.06 0.35 1.0        0     1   720   323   51.7  1.126    219    47.5   1.024    196    53.1   1.118 1.024
     0 0.00 0.35 2.0        0     0   900   832   31.7  1.005    561    30.3   1.027    543    30.6   0.996 0.996
     0 0.06 0.35 2.0        1     1   720   291   57.0  0.988    188    55.9   1.002    177    54.8   1.099 0.988
     0 0.06 0.35 1.0        1     1   720   291   57.0  0.988    188    55.9   1.002    177    54.8   1.099 0.988
     0 0.06 0.35 1.0        0     1   900   341   52.5  1.193    231    46.8   0.987    207    53.1   1.127 0.987
     0 0.03 0.35 1.0        0     0   900   763   49.5  0.996    518    49.4   0.982    512    51.8   1.056 0.982

SETUP 1: median PF IS 1.04 C24 0.87 FUT 0.83
 setup  rej   sk   R  tgt_poc  bias  last  is_n  is_wr  is_pf  c24_n  c24_wr  c24_pf  fut_n  fut_wr  fut_pf     m
     1  0.0 0.10 3.0        0     1   900   230   26.5  1.022    156    25.0   1.024    129    25.6   1.001 1.001
     1  0.0 0.05 3.0        0     0   900   408   25.5  1.049    266    24.1   1.001    233    24.9   0.981 0.981
     1  0.0 0.20 1.0        0     0   720   387   49.6  0.982    250    50.8   1.004    214    48.6   0.955 0.955
     1  0.0 0.05 3.0        0     0   720   393   26.2  1.090    252    25.0   1.053    215    24.2   0.954 0.954
     1  0.0 0.20 0.5        0     0   720   392   66.1  0.965    251    66.5   0.953    215    66.5   0.989 0.953
     1  0.0 0.20 1.0        0     1   720   219   53.9  1.144    146    49.3   0.950    116    50.9   1.007 0.950
     1  0.0 0.05 3.0        0     1   900   234   27.8  1.264    157    22.3   0.945    129    24.0   0.986 0.945
     1  0.0 0.10 3.0        0     1   720   220   27.7  1.086    146    26.0   1.074    116    24.1   0.933 0.933
