configs: 17856 errors: 0

=== CISD_TRITON: 14400 configs, IS-ok 808; of those C24 PF>1: 33%, REAL PF>1: 13%
  share of ALL configs with IS PF>1: 33.7 % | C24 PF>1: 21.1 % | REAL PF>1: 14.0 %
    j                                                                                            params  IS_n  IS_wr  IS_pf  C24_n  C24_wr  C24_pf  REAL_n  REAL_wr  REAL_pf  REAL_net
 5191        {'tf': 3, 'win': (830, 1100), 'setup': 'all&FVG', 'K': 3, 'em': 0, 'tgt': 'R2', 'bias': 1}    84   44.0  1.964     63    33.3   0.638      53     32.1    0.745     -1051
 5193        {'tf': 3, 'win': (830, 1100), 'setup': 'all&FVG', 'K': 3, 'em': 0, 'tgt': 'R3', 'bias': 1}    84   36.9  1.916     63    28.6   0.596      53     28.3    0.701     -1303
 6151        {'tf': 3, 'win': (930, 1100), 'setup': 'all&FVG', 'K': 3, 'em': 0, 'tgt': 'R2', 'bias': 1}    80   42.5  1.862     58    34.5   0.676      48     33.3    0.797      -763
 5199  {'tf': 3, 'win': (830, 1100), 'setup': 'all&FVG', 'K': 3, 'em': 0, 'tgt': 'liq1.5-3', 'bias': 1}    84   39.3  1.838     63    31.7   0.883      53     30.2    0.781      -933
   66            {'tf': 1, 'win': (830, 1100), 'setup': 'all', 'K': 8, 'em': 1, 'tgt': 'R1', 'bias': 0}    83   61.4  1.810     50    50.0   0.775      49     53.1    0.635      -816
 6153        {'tf': 3, 'win': (930, 1100), 'setup': 'all&FVG', 'K': 3, 'em': 0, 'tgt': 'R3', 'bias': 1}    80   35.0  1.801     58    29.3   0.625      48     29.2    0.738     -1048
12000       {'tf': 5, 'win': (930, 1030), 'setup': 'all&OB', 'K': 3, 'em': 0, 'tgt': 'R0.5', 'bias': 0}    86   75.6  1.794     58    69.0   1.067      60     60.0    0.749      -841
 5197    {'tf': 3, 'win': (830, 1100), 'setup': 'all&FVG', 'K': 3, 'em': 0, 'tgt': 'liq1-2', 'bias': 1}    84   45.2  1.778     63    36.5   0.894      53     32.1    0.690     -1274
 6159  {'tf': 3, 'win': (930, 1100), 'setup': 'all&FVG', 'K': 3, 'em': 0, 'tgt': 'liq1.5-3', 'bias': 1}    80   37.5  1.751     58    32.8   0.938      48     31.2    0.828      -672
 5195 {'tf': 3, 'win': (830, 1100), 'setup': 'all&FVG', 'K': 3, 'em': 0, 'tgt': 'liq0.75-2', 'bias': 1}    84   45.2  1.713     63    38.1   0.910      53     34.0    0.691     -1249
 6157    {'tf': 3, 'win': (930, 1100), 'setup': 'all&FVG', 'K': 3, 'em': 0, 'tgt': 'liq1-2', 'bias': 1}    80   43.8  1.695     58    36.2   0.908      48     33.3    0.738      -986
 8071        {'tf': 3, 'win': (900, 1130), 'setup': 'all&FVG', 'K': 3, 'em': 0, 'tgt': 'R2', 'bias': 1}    93   41.9  1.693     64    35.9   0.710      54     37.0    0.857      -569
 9031        {'tf': 3, 'win': (930, 1200), 'setup': 'all&FVG', 'K': 3, 'em': 0, 'tgt': 'R2', 'bias': 1}    97   42.3  1.690     64    35.9   0.713      55     34.5    0.814      -763
 9033        {'tf': 3, 'win': (930, 1200), 'setup': 'all&FVG', 'K': 3, 'em': 0, 'tgt': 'R3', 'bias': 1}    97   36.1  1.690     64    31.2   0.686      55     30.9    0.788      -925
 8073        {'tf': 3, 'win': (900, 1130), 'setup': 'all&FVG', 'K': 3, 'em': 0, 'tgt': 'R3', 'bias': 1}    93   35.5  1.688     64    31.2   0.684      54     33.3    0.835      -697
  -- IS WR>=65:
    j                                                                                       params  IS_n  IS_wr  IS_pf  C24_n  C24_wr  C24_pf  REAL_n  REAL_wr  REAL_pf  REAL_net
12000  {'tf': 5, 'win': (930, 1030), 'setup': 'all&OB', 'K': 3, 'em': 0, 'tgt': 'R0.5', 'bias': 0}    86   75.6  1.794     58    69.0   1.067      60     60.0    0.749      -841
  881    {'tf': 1, 'win': (830, 1100), 'setup': 'zANY', 'K': 3, 'em': 1, 'tgt': 'R0.5', 'bias': 1}    96   74.0  1.580     45    62.2   0.799      32     65.6    0.765      -138
12048  {'tf': 5, 'win': (930, 1030), 'setup': 'all&OB', 'K': 8, 'em': 0, 'tgt': 'R0.5', 'bias': 0}   100   74.0  1.576     67    70.1   1.067      69     60.9    0.734     -1046
10080  {'tf': 5, 'win': (830, 1100), 'setup': 'all&OB', 'K': 3, 'em': 0, 'tgt': 'R0.5', 'bias': 0}   114   73.7  1.547     75    69.3   1.022      75     60.0    0.741     -1040
 3761    {'tf': 1, 'win': (900, 1130), 'setup': 'zANY', 'K': 3, 'em': 1, 'tgt': 'R0.5', 'bias': 1}    97   73.2  1.527     47    57.4   0.612      31     64.5    0.706      -192
11040  {'tf': 5, 'win': (930, 1100), 'setup': 'all&OB', 'K': 3, 'em': 0, 'tgt': 'R0.5', 'bias': 0}   107   73.8  1.510     66    69.7   1.099      68     60.3    0.776      -815
12960  {'tf': 5, 'win': (900, 1130), 'setup': 'all&OB', 'K': 3, 'em': 0, 'tgt': 'R0.5', 'bias': 0}   126   73.0  1.444     72    69.4   1.168      76     61.8    0.853      -564
 5185 {'tf': 3, 'win': (830, 1100), 'setup': 'all&FVG', 'K': 3, 'em': 0, 'tgt': 'R0.5', 'bias': 1}    84   72.6  1.402     63    63.5   0.770      53     64.2    0.828      -400
 6145 {'tf': 3, 'win': (930, 1100), 'setup': 'all&FVG', 'K': 3, 'em': 0, 'tgt': 'R0.5', 'bias': 1}    80   72.5  1.393     58    62.1   0.765      48     62.5    0.824      -387
13920  {'tf': 5, 'win': (930, 1200), 'setup': 'all&OB', 'K': 3, 'em': 0, 'tgt': 'R0.5', 'bias': 0}   131   72.5  1.370     77    71.4   1.229      82     63.4    0.896      -406

=== EMA9_VWAP: 1152 configs, IS-ok 2; of those C24 PF>1: 100%, REAL PF>1: 100%
  share of ALL configs with IS PF>1: 12.7 % | C24 PF>1: 28.2 % | REAL PF>1: 18.4 %
  j                                                                         params  IS_n  IS_wr  IS_pf  C24_n  C24_wr  C24_pf  REAL_n  REAL_wr  REAL_pf  REAL_net
731 {'kind': 1, 'tfb': 5, 'w0': 1000, 'w1': 1130, 'R': 1.0, 'stop': 2, 'trend': 1}   545   54.7   1.17    366    52.2   1.091     298     52.7    1.165      2364
721 {'kind': 1, 'tfb': 5, 'w0': 1000, 'w1': 1130, 'R': 0.5, 'stop': 0, 'trend': 1}   461   67.7   1.15    316    68.4   1.287     259     67.6    1.160      1904
  -- IS WR>=65:
  j                                                                         params  IS_n  IS_wr  IS_pf  C24_n  C24_wr  C24_pf  REAL_n  REAL_wr  REAL_pf  REAL_net
721 {'kind': 1, 'tfb': 5, 'w0': 1000, 'w1': 1130, 'R': 0.5, 'stop': 0, 'trend': 1}   461   67.7   1.15    316    68.4   1.287     259     67.6     1.16      1904

=== ENGULF_4H: 2304 configs, IS-ok 525; of those C24 PF>1: 70%, REAL PF>1: 56%
  share of ALL configs with IS PF>1: 59.1 % | C24 PF>1: 57.7 % | REAL PF>1: 53.7 %
   j                                                                                      params  IS_n  IS_wr  IS_pf  C24_n  C24_wr  C24_pf  REAL_n  REAL_wr  REAL_pf  REAL_net
 984 {'eng': '0610v0206@1000', 'ent': 1, 'R': 0.5, 'stop': 2, 'trend': 0, 'w1': 1130, 'body': 0}   108   69.4  1.857     79    57.0   1.089      74     58.1    1.057       313
1128 {'eng': '0610v0206@1000', 'ent': 1, 'R': 2.0, 'stop': 2, 'trend': 0, 'w1': 1130, 'body': 0}   108   50.9  1.816     79    38.0   0.819      74     37.8    0.760     -1883
  13 {'eng': '0206v2202@0930', 'ent': 0, 'R': 0.5, 'stop': 1, 'trend': 0, 'w1': 1130, 'body': 1}   161   73.9  1.786    101    59.4   0.749     135     63.0    0.902      -616
  16 {'eng': '0206v2202@0930', 'ent': 0, 'R': 0.5, 'stop': 1, 'trend': 0, 'w1': 1500, 'body': 1}   161   73.9  1.786    101    59.4   0.749     135     63.0    0.902      -616
1026 {'eng': '0610v0206@1000', 'ent': 1, 'R': 1.0, 'stop': 1, 'trend': 1, 'w1': 1130, 'body': 0}    91   58.2  1.751     66    47.0   1.094      58     44.8    0.784     -1192
1080 {'eng': '0610v0206@1000', 'ent': 1, 'R': 1.5, 'stop': 2, 'trend': 0, 'w1': 1130, 'body': 0}   108   52.8  1.738     79    40.5   0.997      74     40.5    0.888      -861
1165 {'eng': '0610v0206@1000', 'ent': 2, 'R': 0.5, 'stop': 1, 'trend': 0, 'w1': 1130, 'body': 1}   123   74.8  1.736     67    61.2   0.897      92     59.8    0.723     -1984
1020 {'eng': '0610v0206@1000', 'ent': 1, 'R': 1.0, 'stop': 1, 'trend': 0, 'w1': 1130, 'body': 0}   184   60.9  1.734    147    47.6   0.971     141     47.5    0.904     -1260
1112 {'eng': '0610v0206@1000', 'ent': 1, 'R': 2.0, 'stop': 0, 'trend': 1, 'w1': 1130, 'body': 2}   238   54.6  1.709    165    40.6   1.053     123     39.0    0.862     -1608
 172 {'eng': '0206v2202@0930', 'ent': 0, 'R': 2.0, 'stop': 2, 'trend': 0, 'w1': 1500, 'body': 1}   117   45.3  1.707     74    37.8   1.102     103     41.7    1.366      3534
 169 {'eng': '0206v2202@0930', 'ent': 0, 'R': 2.0, 'stop': 2, 'trend': 0, 'w1': 1130, 'body': 1}   117   45.3  1.707     74    37.8   1.102     103     41.7    1.366      3534
1168 {'eng': '0610v0206@1000', 'ent': 2, 'R': 0.5, 'stop': 1, 'trend': 0, 'w1': 1500, 'body': 1}   139   74.1  1.696     75    60.0   0.841     101     58.4    0.700     -2396
1029 {'eng': '0610v0206@1000', 'ent': 1, 'R': 1.0, 'stop': 1, 'trend': 1, 'w1': 1500, 'body': 0}   126   58.7  1.695     87    49.4   1.127      77     46.8    0.804     -1338
 678 {'eng': '0206v2202@0930', 'ent': 3, 'R': 1.5, 'stop': 0, 'trend': 1, 'w1': 1130, 'body': 0}    93   58.1  1.694     51    49.0   1.298      47     44.7    1.076       310
 738 {'eng': '0206v2202@0930', 'ent': 3, 'R': 2.0, 'stop': 1, 'trend': 1, 'w1': 1130, 'body': 0}    93   48.4  1.691     51    35.3   1.245      47     31.9    1.031       105
  -- IS WR>=65:
   j                                                                                      params  IS_n  IS_wr  IS_pf  C24_n  C24_wr  C24_pf  REAL_n  REAL_wr  REAL_pf  REAL_net
 984 {'eng': '0610v0206@1000', 'ent': 1, 'R': 0.5, 'stop': 2, 'trend': 0, 'w1': 1130, 'body': 0}   108   69.4  1.857     79    57.0   1.089      74     58.1    1.057       313
  16 {'eng': '0206v2202@0930', 'ent': 0, 'R': 0.5, 'stop': 1, 'trend': 0, 'w1': 1500, 'body': 1}   161   73.9  1.786    101    59.4   0.749     135     63.0    0.902      -616
  13 {'eng': '0206v2202@0930', 'ent': 0, 'R': 0.5, 'stop': 1, 'trend': 0, 'w1': 1130, 'body': 1}   161   73.9  1.786    101    59.4   0.749     135     63.0    0.902      -616
1165 {'eng': '0610v0206@1000', 'ent': 2, 'R': 0.5, 'stop': 1, 'trend': 0, 'w1': 1130, 'body': 1}   123   74.8  1.736     67    61.2   0.897      92     59.8    0.723     -1984
1168 {'eng': '0610v0206@1000', 'ent': 2, 'R': 0.5, 'stop': 1, 'trend': 0, 'w1': 1500, 'body': 1}   139   74.1  1.696     75    60.0   0.841     101     58.4    0.700     -2396
 978 {'eng': '0610v0206@1000', 'ent': 1, 'R': 0.5, 'stop': 1, 'trend': 1, 'w1': 1130, 'body': 0}    91   73.6  1.677     66    63.6   1.059      58     60.3    0.772      -974
   1 {'eng': '0206v2202@0930', 'ent': 0, 'R': 0.5, 'stop': 0, 'trend': 0, 'w1': 1130, 'body': 1}   162   72.8  1.610    101    60.4   0.762     135     62.2    0.821     -1601
   4 {'eng': '0206v2202@0930', 'ent': 0, 'R': 0.5, 'stop': 0, 'trend': 0, 'w1': 1500, 'body': 1}   162   72.8  1.610    101    60.4   0.762     135     62.2    0.821     -1601
 408 {'eng': '0206v2202@0930', 'ent': 2, 'R': 0.5, 'stop': 2, 'trend': 0, 'w1': 1130, 'body': 0}   100   74.0  1.547     68    69.1   1.474      63     71.4    1.609      1811
  37 {'eng': '0206v2202@0930', 'ent': 0, 'R': 0.5, 'stop': 3, 'trend': 0, 'w1': 1130, 'body': 1}   162   72.2  1.538    101    63.4   0.907     135     63.0    0.951      -256
ENGULF_4H#411 {'eng': '0206v2202@0930', 'ent': 2, 'R': 0.5, 'stop': 2, 'trend': 0, 'w1': 1500, 'body': 0} {'IS': (np.float64(73.14), np.float64(1.574), 3.14), 'C24': (np.float64(70.67), np.float64(1.45), 3.1), 'REAL': (np.float64(71.42), np.float64(1.498), 3.03), 'R2026': (np.float64(71.69), np.float64(1.53), 2.68)}
ENGULF_4H#385 {'eng': '0206v2202@0930', 'ent': 2, 'R': 0.5, 'stop': 0, 'trend': 0, 'w1': 1130, 'body': 1} {'IS': (np.float64(72.93), np.float64(1.556), 3.11), 'C24': (np.float64(70.94), np.float64(1.469), 3.06), 'REAL': (np.float64(71.66), np.float64(1.514), 3.03), 'R2026': (np.float64(71.6), np.float64(1.532), 2.69)}
ENGULF_4H#388 {'eng': '0206v2202@0930', 'ent': 2, 'R': 0.5, 'stop': 0, 'trend': 0, 'w1': 1500, 'body': 1} {'IS': (np.float64(72.88), np.float64(1.553), 3.11), 'C24': (np.float64(70.93), np.float64(1.469), 3.07), 'REAL': (np.float64(71.66), np.float64(1.514), 3.03), 'R2026': (np.float64(71.6), np.float64(1.532), 2.69)}
ENGULF_4H#408 {'eng': '0206v2202@0930', 'ent': 2, 'R': 0.5, 'stop': 2, 'trend': 0, 'w1': 1130, 'body': 0} {'IS': (np.float64(73.14), np.float64(1.574), 3.13), 'C24': (np.float64(70.67), np.float64(1.448), 3.09), 'REAL': (np.float64(71.42), np.float64(1.496), 3.02), 'R2026': (np.float64(71.78), np.float64(1.534), 2.67)}
ENGULF_4H#414 {'eng': '0206v2202@0930', 'ent': 2, 'R': 0.5, 'stop': 2, 'trend': 1, 'w1': 1130, 'body': 0} {'IS': (np.float64(72.85), np.float64(1.546), 3.11), 'C24': (np.float64(70.87), np.float64(1.46), 3.05), 'REAL': (np.float64(71.59), np.float64(1.506), 2.98), 'R2026': (np.float64(71.9), np.float64(1.531), 2.64)}
ENGULF_4H#253 {'eng': '0206v2202@0930', 'ent': 1, 'R': 1.0, 'stop': 1, 'trend': 0, 'w1': 1130, 'body': 1} {'IS': (np.float64(72.25), np.float64(1.543), 3.17), 'C24': (np.float64(70.26), np.float64(1.451), 3.09), 'REAL': (np.float64(70.8), np.float64(1.509), 3.08), 'R2026': (np.float64(71.23), np.float64(1.571), 2.75)}
ENGULF_4H#349 {'eng': '0206v2202@0930', 'ent': 1, 'R': 2.0, 'stop': 1, 'trend': 0, 'w1': 1130, 'body': 1} {'IS': (np.float64(71.79), np.float64(1.539), 3.16), 'C24': (np.float64(69.97), np.float64(1.455), 3.08), 'REAL': (np.float64(70.14), np.float64(1.509), 3.07), 'R2026': (np.float64(70.92), np.float64(1.554), 2.74)}
ENGULF_4H#1374 {'eng': '0610v0206@1000', 'ent': 3, 'R': 0.5, 'stop': 2, 'trend': 1, 'w1': 1130, 'body': 0} {'IS': (np.float64(72.75), np.float64(1.55), 3.1), 'C24': (np.float64(70.96), np.float64(1.474), 3.06), 'REAL': (np.float64(71.63), np.float64(1.516), 2.99), 'R2026': (np.float64(72.13), np.float64(1.551), 2.67)}
EMA9_VWAP#576 {'kind': 1, 'tfb': 3, 'w0': 945, 'w1': 1130, 'R': 0.5, 'stop': 0, 'trend': 0} {'IS': (np.float64(72.27), np.float64(1.471), 3.94), 'C24': (np.float64(70.16), np.float64(1.373), 3.92), 'REAL': (np.float64(71.01), np.float64(1.417), 3.8), 'R2026': (np.float64(71.15), np.float64(1.454), 3.41)}
EMA9_VWAP#721 {'kind': 1, 'tfb': 5, 'w0': 1000, 'w1': 1130, 'R': 0.5, 'stop': 0, 'trend': 1} {'IS': (np.float64(72.34), np.float64(1.514), 3.49), 'C24': (np.float64(70.32), np.float64(1.43), 3.42), 'REAL': (np.float64(71.0), np.float64(1.471), 3.3), 'R2026': (np.float64(71.51), np.float64(1.506), 2.93)}
EMA9_VWAP#679 {'kind': 1, 'tfb': 5, 'w0': 945, 'w1': 1130, 'R': 1.0, 'stop': 0, 'trend': 1} {'IS': (np.float64(70.13), np.float64(1.485), 3.53), 'C24': (np.float64(68.31), np.float64(1.407), 3.49), 'REAL': (np.float64(69.21), np.float64(1.474), 3.37), 'R2026': (np.float64(68.92), np.float64(1.441), 2.99)}
EMA9_VWAP#678 {'kind': 1, 'tfb': 5, 'w0': 945, 'w1': 1130, 'R': 1.0, 'stop': 0, 'trend': 0} {'IS': (np.float64(69.39), np.float64(1.427), 3.64), 'C24': (np.float64(67.26), np.float64(1.337), 3.61), 'REAL': (np.float64(68.01), np.float64(1.407), 3.53), 'R2026': (np.float64(67.4), np.float64(1.421), 3.23)}
EMA9_VWAP#673 {'kind': 1, 'tfb': 5, 'w0': 945, 'w1': 1130, 'R': 0.5, 'stop': 0, 'trend': 1} {'IS': (np.float64(72.1), np.float64(1.501), 3.54), 'C24': (np.float64(70.11), np.float64(1.416), 3.5), 'REAL': (np.float64(70.68), np.float64(1.452), 3.38), 'R2026': (np.float64(70.6), np.float64(1.452), 3.01)}
IS
                                                                                                      cand  IS_tpd  IS_wr  IS_pf  IS_sharpe  IS_mo  IS_maxdd
                                                                                                      BASE    3.06  72.76  1.545       3.22   1344      2401
 ENGULF_4H#411 {'eng': '0206v2202@0930', 'ent': 2, 'R': 0.5, 'stop': 2, 'trend': 0, 'w1': 1500, 'body': 0}    3.14  73.14  1.574       3.41   1431      2288
 ENGULF_4H#385 {'eng': '0206v2202@0930', 'ent': 2, 'R': 0.5, 'stop': 0, 'trend': 0, 'w1': 1130, 'body': 1}    3.11  72.93  1.556       3.32   1382      2179
 ENGULF_4H#388 {'eng': '0206v2202@0930', 'ent': 2, 'R': 0.5, 'stop': 0, 'trend': 0, 'w1': 1500, 'body': 1}    3.11  72.88  1.553       3.30   1377      2271
 ENGULF_4H#408 {'eng': '0206v2202@0930', 'ent': 2, 'R': 0.5, 'stop': 2, 'trend': 0, 'w1': 1130, 'body': 0}    3.13  73.14  1.574       3.41   1427      2335
 ENGULF_4H#414 {'eng': '0206v2202@0930', 'ent': 2, 'R': 0.5, 'stop': 2, 'trend': 1, 'w1': 1130, 'body': 0}    3.11  72.85  1.546       3.24   1365      2401
 ENGULF_4H#253 {'eng': '0206v2202@0930', 'ent': 1, 'R': 1.0, 'stop': 1, 'trend': 0, 'w1': 1130, 'body': 1}    3.17  72.25  1.543       3.30   1386      2419
 ENGULF_4H#349 {'eng': '0206v2202@0930', 'ent': 1, 'R': 2.0, 'stop': 1, 'trend': 0, 'w1': 1130, 'body': 1}    3.16  71.79  1.539       3.25   1389      2358
ENGULF_4H#1374 {'eng': '0610v0206@1000', 'ent': 3, 'R': 0.5, 'stop': 2, 'trend': 1, 'w1': 1130, 'body': 0}    3.10  72.75  1.550       3.26   1370      2374
               EMA9_VWAP#576 {'kind': 1, 'tfb': 3, 'w0': 945, 'w1': 1130, 'R': 0.5, 'stop': 0, 'trend': 0}    3.94  72.27  1.471       3.33   1426      2337
              EMA9_VWAP#721 {'kind': 1, 'tfb': 5, 'w0': 1000, 'w1': 1130, 'R': 0.5, 'stop': 0, 'trend': 1}    3.49  72.34  1.514       3.28   1410      2630
               EMA9_VWAP#679 {'kind': 1, 'tfb': 5, 'w0': 945, 'w1': 1130, 'R': 1.0, 'stop': 0, 'trend': 1}    3.53  70.13  1.485       3.14   1410      3105
               EMA9_VWAP#678 {'kind': 1, 'tfb': 5, 'w0': 945, 'w1': 1130, 'R': 1.0, 'stop': 0, 'trend': 0}    3.64  69.39  1.427       2.98   1301      2952
               EMA9_VWAP#673 {'kind': 1, 'tfb': 5, 'w0': 945, 'w1': 1130, 'R': 0.5, 'stop': 0, 'trend': 1}    3.54  72.10  1.501       3.23   1403      2674
                                                                         COMBO ENGULF_4H#411+EMA9_VWAP#721    3.56  72.72  1.541       3.45   1495      2414
                                             COMBO ENGULF_4H#411+ENGULF_4H#253+EMA9_VWAP#721+EMA9_VWAP#679    4.14  70.12  1.485       3.33   1597      3416
C24
                                                                                                      cand  C24_tpd  C24_wr  C24_pf  C24_sharpe  C24_mo  C24_maxdd
                                                                                                      BASE     3.01   70.76   1.454        2.84    1527       5051
 ENGULF_4H#411 {'eng': '0206v2202@0930', 'ent': 2, 'R': 0.5, 'stop': 2, 'trend': 0, 'w1': 1500, 'body': 0}     3.10   70.67   1.450        2.86    1555       4860
 ENGULF_4H#385 {'eng': '0206v2202@0930', 'ent': 2, 'R': 0.5, 'stop': 0, 'trend': 0, 'w1': 1130, 'body': 1}     3.06   70.94   1.469        2.94    1589       5051
 ENGULF_4H#388 {'eng': '0206v2202@0930', 'ent': 2, 'R': 0.5, 'stop': 0, 'trend': 0, 'w1': 1500, 'body': 1}     3.07   70.93   1.469        2.94    1590       5051
 ENGULF_4H#408 {'eng': '0206v2202@0930', 'ent': 2, 'R': 0.5, 'stop': 2, 'trend': 0, 'w1': 1130, 'body': 0}     3.09   70.67   1.448        2.84    1545       4860
 ENGULF_4H#414 {'eng': '0206v2202@0930', 'ent': 2, 'R': 0.5, 'stop': 2, 'trend': 1, 'w1': 1130, 'body': 0}     3.05   70.87   1.460        2.88    1564       5163
 ENGULF_4H#253 {'eng': '0206v2202@0930', 'ent': 1, 'R': 1.0, 'stop': 1, 'trend': 0, 'w1': 1130, 'body': 1}     3.09   70.26   1.451        2.84    1563       5051
 ENGULF_4H#349 {'eng': '0206v2202@0930', 'ent': 1, 'R': 2.0, 'stop': 1, 'trend': 0, 'w1': 1130, 'body': 1}     3.08   69.97   1.455        2.83    1587       5051
ENGULF_4H#1374 {'eng': '0610v0206@1000', 'ent': 3, 'R': 0.5, 'stop': 2, 'trend': 1, 'w1': 1130, 'body': 0}     3.06   70.96   1.474        2.97    1613       5059
               EMA9_VWAP#576 {'kind': 1, 'tfb': 3, 'w0': 945, 'w1': 1130, 'R': 0.5, 'stop': 0, 'trend': 0}     3.92   70.16   1.373        2.77    1568       4624
              EMA9_VWAP#721 {'kind': 1, 'tfb': 5, 'w0': 1000, 'w1': 1130, 'R': 0.5, 'stop': 0, 'trend': 1}     3.42   70.32   1.430        2.88    1609       4317
               EMA9_VWAP#679 {'kind': 1, 'tfb': 5, 'w0': 945, 'w1': 1130, 'R': 1.0, 'stop': 0, 'trend': 1}     3.49   68.31   1.407        2.76    1636       4495
               EMA9_VWAP#678 {'kind': 1, 'tfb': 5, 'w0': 945, 'w1': 1130, 'R': 1.0, 'stop': 0, 'trend': 0}     3.61   67.26   1.337        2.47    1432       4926
               EMA9_VWAP#673 {'kind': 1, 'tfb': 5, 'w0': 945, 'w1': 1130, 'R': 0.5, 'stop': 0, 'trend': 1}     3.50   70.11   1.416        2.83    1603       4654
                                                                         COMBO ENGULF_4H#411+EMA9_VWAP#721     3.50   70.23   1.427        2.90    1634       4219
                                             COMBO ENGULF_4H#411+ENGULF_4H#253+EMA9_VWAP#721+EMA9_VWAP#679     4.06   67.94   1.390        2.77    1783       4272
REAL
                                                                                                      cand  REAL_tpd  REAL_wr  REAL_pf  REAL_sharpe  REAL_mo  REAL_maxdd
                                                                                                      BASE      2.94    71.49    1.502         3.07     1639        4144
 ENGULF_4H#411 {'eng': '0206v2202@0930', 'ent': 2, 'R': 0.5, 'stop': 2, 'trend': 0, 'w1': 1500, 'body': 0}      3.03    71.42    1.498         3.08     1669        3854
 ENGULF_4H#385 {'eng': '0206v2202@0930', 'ent': 2, 'R': 0.5, 'stop': 0, 'trend': 0, 'w1': 1130, 'body': 1}      3.03    71.66    1.514         3.19     1705        4144
 ENGULF_4H#388 {'eng': '0206v2202@0930', 'ent': 2, 'R': 0.5, 'stop': 0, 'trend': 0, 'w1': 1500, 'body': 1}      3.03    71.66    1.514         3.19     1708        4144
 ENGULF_4H#408 {'eng': '0206v2202@0930', 'ent': 2, 'R': 0.5, 'stop': 2, 'trend': 0, 'w1': 1130, 'body': 0}      3.02    71.42    1.496         3.06     1659        3854
 ENGULF_4H#414 {'eng': '0206v2202@0930', 'ent': 2, 'R': 0.5, 'stop': 2, 'trend': 1, 'w1': 1130, 'body': 0}      2.98    71.59    1.506         3.09     1667        4160
 ENGULF_4H#253 {'eng': '0206v2202@0930', 'ent': 1, 'R': 1.0, 'stop': 1, 'trend': 0, 'w1': 1130, 'body': 1}      3.08    70.80    1.509         3.14     1732        4144
 ENGULF_4H#349 {'eng': '0206v2202@0930', 'ent': 1, 'R': 2.0, 'stop': 1, 'trend': 0, 'w1': 1130, 'body': 1}      3.07    70.14    1.509         3.10     1754        4144
ENGULF_4H#1374 {'eng': '0610v0206@1000', 'ent': 3, 'R': 0.5, 'stop': 2, 'trend': 1, 'w1': 1130, 'body': 0}      2.99    71.63    1.516         3.19     1704        4047
               EMA9_VWAP#576 {'kind': 1, 'tfb': 3, 'w0': 945, 'w1': 1130, 'R': 0.5, 'stop': 0, 'trend': 0}      3.80    71.01    1.417         3.06     1700        4558
              EMA9_VWAP#721 {'kind': 1, 'tfb': 5, 'w0': 1000, 'w1': 1130, 'R': 0.5, 'stop': 0, 'trend': 1}      3.30    71.00    1.471         3.09     1698        3970
               EMA9_VWAP#679 {'kind': 1, 'tfb': 5, 'w0': 945, 'w1': 1130, 'R': 1.0, 'stop': 0, 'trend': 1}      3.37    69.21    1.474         3.12     1810        4619
               EMA9_VWAP#678 {'kind': 1, 'tfb': 5, 'w0': 945, 'w1': 1130, 'R': 1.0, 'stop': 0, 'trend': 0}      3.53    68.01    1.407         2.90     1673        5493
               EMA9_VWAP#673 {'kind': 1, 'tfb': 5, 'w0': 945, 'w1': 1130, 'R': 0.5, 'stop': 0, 'trend': 1}      3.38    70.68    1.452         3.02     1686        4507
                                                                         COMBO ENGULF_4H#411+EMA9_VWAP#721      3.38    70.94    1.468         3.10     1727        3754
                                             COMBO ENGULF_4H#411+ENGULF_4H#253+EMA9_VWAP#721+EMA9_VWAP#679      3.94    68.45    1.441         3.05     1942        4676
R2026
                                                                                                      cand  R2026_tpd  R2026_wr  R2026_pf  R2026_sharpe  R2026_mo  R2026_maxdd
                                                                                                      BASE       2.63     71.93     1.546          2.95      1879         3841
 ENGULF_4H#411 {'eng': '0206v2202@0930', 'ent': 2, 'R': 0.5, 'stop': 2, 'trend': 0, 'w1': 1500, 'body': 0}       2.68     71.69     1.530          2.89      1874         3625
 ENGULF_4H#385 {'eng': '0206v2202@0930', 'ent': 2, 'R': 0.5, 'stop': 0, 'trend': 0, 'w1': 1130, 'body': 1}       2.69     71.60     1.532          2.98      1883         3681
 ENGULF_4H#388 {'eng': '0206v2202@0930', 'ent': 2, 'R': 0.5, 'stop': 0, 'trend': 0, 'w1': 1500, 'body': 1}       2.69     71.60     1.532          2.98      1883         3681
 ENGULF_4H#408 {'eng': '0206v2202@0930', 'ent': 2, 'R': 0.5, 'stop': 2, 'trend': 0, 'w1': 1130, 'body': 0}       2.67     71.78     1.534          2.90      1882         3649
 ENGULF_4H#414 {'eng': '0206v2202@0930', 'ent': 2, 'R': 0.5, 'stop': 2, 'trend': 1, 'w1': 1130, 'body': 0}       2.64     71.90     1.531          2.87      1856         3841
 ENGULF_4H#253 {'eng': '0206v2202@0930', 'ent': 1, 'R': 1.0, 'stop': 1, 'trend': 0, 'w1': 1130, 'body': 1}       2.75     71.23     1.571          3.11      2049         3650
 ENGULF_4H#349 {'eng': '0206v2202@0930', 'ent': 1, 'R': 2.0, 'stop': 1, 'trend': 0, 'w1': 1130, 'body': 1}       2.74     70.92     1.554          3.03      2009         3637
ENGULF_4H#1374 {'eng': '0610v0206@1000', 'ent': 3, 'R': 0.5, 'stop': 2, 'trend': 1, 'w1': 1130, 'body': 0}       2.67     72.13     1.551          3.06      1929         3698
               EMA9_VWAP#576 {'kind': 1, 'tfb': 3, 'w0': 945, 'w1': 1130, 'R': 0.5, 'stop': 0, 'trend': 0}       3.41     71.15     1.454          3.06      2035         4558
              EMA9_VWAP#721 {'kind': 1, 'tfb': 5, 'w0': 1000, 'w1': 1130, 'R': 0.5, 'stop': 0, 'trend': 1}       2.93     71.51     1.506          3.00      1940         3970
               EMA9_VWAP#679 {'kind': 1, 'tfb': 5, 'w0': 945, 'w1': 1130, 'R': 1.0, 'stop': 0, 'trend': 1}       2.99     68.92     1.441          2.72      1856         4619
               EMA9_VWAP#678 {'kind': 1, 'tfb': 5, 'w0': 945, 'w1': 1130, 'R': 1.0, 'stop': 0, 'trend': 0}       3.23     67.40     1.421          2.88      1978         5493
               EMA9_VWAP#673 {'kind': 1, 'tfb': 5, 'w0': 945, 'w1': 1130, 'R': 0.5, 'stop': 0, 'trend': 1}       3.01     70.60     1.452          2.78      1826         4507
                                                                         COMBO ENGULF_4H#411+EMA9_VWAP#721       2.99     71.30     1.492          2.93      1935         3754
                                             COMBO ENGULF_4H#411+ENGULF_4H#253+EMA9_VWAP#721+EMA9_VWAP#679       3.48     67.92     1.405          2.65      1977         4676
