Ultra funded done
WR70Plus funded done

== Ultra funded: best by worst-period expected cash
 prof               pol      X  own_dl  IS_Ecash  IS_bust  IS_all5  C24_Ecash  C24_bust  C24_all5  REAL_Ecash  REAL_bust  REAL_all5  minEcash
Ultra 1/1/2 @ 2500/4000 5000.0   600.0      7733     13.6     84.2       5801      36.2      63.8        5662       38.3       61.7      5662
Ultra            fijo 1 5000.0   600.0      7681     13.6     82.8       5651      40.1      59.9        5600       41.7       58.3      5600
Ultra 1/1/2 @ 3000/5000 5000.0   600.0      7681     13.6     82.8       5659      40.1      59.9        5578       42.5       57.5      5578
Ultra 1/1/3 @ 3000/5000 5000.0   600.0      7681     13.6     82.8       5550      43.2      56.8        5516       44.2       55.8      5516
Ultra 1/1/2 @ 2000/3000 5000.0     0.0      7532     16.3     82.8       5534      40.1      59.9        5507       41.5       58.5      5507
Ultra 1/2/2 @ 3000/5000 5000.0     0.0      7532     16.3     82.8       5534      40.1      59.9        5507       41.5       58.5      5507
Ultra 1/2/3 @ 3000/5000 5000.0     0.0      7317     19.4     79.5       5454      41.8      58.2        5493       42.2       57.8      5454
Ultra 1/2/2 @ 2000/3000 5000.0   600.0      6714     27.1     72.9       5438      41.3      58.7        5542       39.8       60.2      5438
Ultra            fijo 1 5000.0     0.0      7557     15.0     80.7       5429      43.6      56.4        5618       43.5       56.5      5429
Ultra 1/1/2 @ 2500/4000 5000.0     0.0      7607     15.0     82.9       5534      40.4      59.6        5418       46.9       53.1      5418
Ultra 1/2/2 @ 3000/5000 5000.0   600.0      7743     14.0     86.0       5822      36.0      64.0        5409       41.5       58.5      5409
Ultra 1/1/2 @ 2000/3000 5000.0   600.0      7743     14.0     86.0       5822      36.0      64.0        5409       41.5       58.5      5409
 prof    pol      X  own_dl  IS_Ecash  IS_bust  IS_all5  C24_Ecash  C24_bust  C24_all5  REAL_Ecash  REAL_bust  REAL_all5  minEcash
Ultra fijo 1 5000.0   600.0      7681     13.6     82.8       5651      40.1      59.9        5600       41.7       58.3      5600
Ultra fijo 1 5000.0     0.0      7557     15.0     80.7       5429      43.6      56.4        5618       43.5       56.5      5429
Ultra fijo 1 4000.0   600.0      7262     23.8     73.7       4932      55.9      44.1        5213       52.3       47.7      4932
Ultra fijo 1 4000.0     0.0      7217     24.1     73.7       4694      60.1      39.9        5369       51.1       48.9      4694
Ultra fijo 1 3000.0   600.0      5381     47.5     52.5       4213      59.6      40.4        4639       50.6       49.4      4213
Ultra fijo 2 5000.0   600.0      3992     60.5     39.5       4022      58.2      41.8        4716       50.6       49.4      3992
Ultra fijo 1 3000.0     0.0      5082     52.9     47.1       3904      66.6      33.4        4208       62.7       37.3      3904
Ultra fijo 2 4000.0   600.0      3598     67.9     32.1       3587      66.4      33.6        4200       60.7       39.3      3587
Ultra fijo 2 5000.0     0.0      3640     64.0     36.0       3270      70.5      29.5        3756       63.0       37.0      3270
Ultra fijo 2 3000.0   600.0      3164     72.7     27.3       3289      70.1      29.9        3591       68.1       31.9      3164
Ultra fijo 2 4000.0     0.0      3099     74.8     25.2       3024      74.5      25.5        3462       67.7       32.3      3024
Ultra fijo 2 3000.0     0.0      2809     77.4     22.6       2730      77.0      23.0        3223       71.1       28.9      2730

== WR70Plus funded: best by worst-period expected cash
    prof               pol      X  own_dl  IS_Ecash  IS_bust  IS_all5  C24_Ecash  C24_bust  C24_all5  REAL_Ecash  REAL_bust  REAL_all5  minEcash
WR70Plus 1/2/3 @ 3000/5000 5000.0   600.0      7985      9.8     85.7       5641      38.3      61.7        5594       39.0       61.0      5594
WR70Plus 1/2/4 @ 3000/5000 5000.0   600.0      7987      9.8     85.8       5616      39.0      61.0        5585       39.2       60.8      5585
WR70Plus 1/2/2 @ 3000/5000 5000.0   600.0      7958      9.8     84.2       5641      38.3      61.7        5484       40.9       59.1      5484
WR70Plus 1/1/2 @ 2000/3000 5000.0   600.0      7958      9.8     84.2       5641      38.3      61.7        5484       40.9       59.1      5484
WR70Plus 1/1/2 @ 2500/4000 5000.0   600.0      7648      9.8     75.1       5562      39.5      60.5        5404       41.4       58.6      5404
WR70Plus 1/2/2 @ 3000/5000 5000.0     0.0      7891      7.2     79.9       5354      44.3      55.7        5815       38.5       61.5      5354
WR70Plus 1/1/2 @ 2000/3000 5000.0     0.0      7891      7.2     79.9       5354      44.3      55.7        5815       38.5       61.5      5354
WR70Plus 1/2/3 @ 3000/5000 5000.0     0.0      7861      7.3     80.2       5317      45.5      54.5        5824       38.2       61.8      5317
WR70Plus            fijo 1 5000.0   600.0      7282      9.8     65.1       5317      45.3      53.6        5449       45.3       54.7      5317
WR70Plus 1/1/2 @ 3000/5000 5000.0   600.0      7326      9.8     66.3       5292      47.1      52.9        5444       45.3       54.7      5292
WR70Plus 1/1/3 @ 3000/5000 5000.0   600.0      7361      9.8     68.1       5259      47.6      52.4        5669       38.7       61.3      5259
WR70Plus 1/1/2 @ 1500/2500 5000.0   600.0      7911     10.7     84.7       5221      43.0      57.0        5396       42.2       57.8      5221
    prof    pol      X  own_dl  IS_Ecash  IS_bust  IS_all5  C24_Ecash  C24_bust  C24_all5  REAL_Ecash  REAL_bust  REAL_all5  minEcash
WR70Plus fijo 1 5000.0   600.0      7282      9.8     65.1       5317      45.3      53.6        5449       45.3       54.7      5317
WR70Plus fijo 1 5000.0     0.0      7500      7.2     69.1       5126      49.9      47.1        5678       44.4       55.6      5126
WR70Plus fijo 1 4000.0   600.0      7401     13.1     70.8       4594      68.1      31.9        4725       64.5       35.5      4594
WR70Plus fijo 1 4000.0     0.0      7594     11.1     72.2       4498      71.6      28.4        5012       63.7       36.3      4498
WR70Plus fijo 2 5000.0   600.0      5541     40.6     59.4       3708      63.3      36.7        4054       59.1       40.9      3708
WR70Plus fijo 1 3000.0   600.0      6088     28.9     68.4       3502      79.0      21.0        3780       72.5       27.5      3502
WR70Plus fijo 1 3000.0     0.0      6305     24.5     72.9       3431      81.1      18.9        4004       70.8       29.2      3431
WR70Plus fijo 2 4000.0   600.0      4979     50.5     49.5       3247      75.1      24.9        3450       73.5       26.5      3247
WR70Plus fijo 2 5000.0     0.0      4994     47.6     52.4       2956      74.6      25.4        4054       59.8       40.2      2956
WR70Plus fijo 2 3000.0   600.0      4206     60.8     39.2       2853      79.4      20.6        2912       77.7       22.3      2853
WR70Plus fijo 2 4000.0     0.0      4464     57.9     42.1       2818      78.8      21.2        3313       73.5       26.5      2818
WR70Plus fijo 2 3000.0     0.0      3988     64.1     35.9       2382      85.5      14.5        2981       77.0       23.0      2382
    prof                        funded  eval_k  IS_mo  IS_p10  IS_busts  C24_mo  C24_p10  C24_busts  REAL_mo  REAL_p10  REAL_busts
   Ultra 1/1/2 @ 2500/4000 X5000 dl600       1    883     282      0.15     930      715       0.91     1081       715        0.83
   Ultra 1/1/2 @ 2500/4000 X5000 dl600       2   1016     593      0.10    1208      718       0.58     1219       816        0.96
   Ultra 1/1/2 @ 2500/4000 X5000 dl600       3   1013     571      0.11    1227      746       0.50     1365      1245        0.60
   Ultra            fijo 1 X5000 dl600       1    823     282      0.13     934      715       0.83     1070       715        0.70
   Ultra            fijo 1 X5000 dl600       2    940     574      0.16    1088      715       0.63     1203       821        1.13
   Ultra            fijo 1 X5000 dl600       3    945     539      0.19    1142      841       0.76     1291       992        0.70
   Ultra 1/1/2 @ 3000/5000 X5000 dl600       1    824     282      0.11     916      706       0.94     1049       715        0.68
   Ultra 1/1/2 @ 3000/5000 X5000 dl600       2    954     582      0.15    1090      715       0.62     1221       830        1.07
   Ultra 1/1/2 @ 3000/5000 X5000 dl600       3    952     566      0.17    1131      832       0.75     1297       983        0.73
   Ultra 1/1/3 @ 3000/5000 X5000 dl600       1    834     282      0.12     909      706       0.94     1025       715        0.81
   Ultra 1/1/3 @ 3000/5000 X5000 dl600       2    950     574      0.15    1085      724       0.56     1113       830        1.06
   Ultra 1/1/3 @ 3000/5000 X5000 dl600       3    966     539      0.19    1085      706       0.56     1206       962        0.60
   Ultra              fijo 1 X3000 dl0       1    842     347      0.57    1058      777       1.69     1213       844        1.21
   Ultra              fijo 1 X3000 dl0       2   1000     552      0.79    1242      979       1.30     1354      1124        1.28
   Ultra              fijo 1 X3000 dl0       3   1034     532      0.91    1296     1070       0.80     1432      1203        1.00
   Ultra            fijo 2 X4000 dl600       1   1108     697      1.88    1332      980       1.67     1099       689        2.87
   Ultra            fijo 2 X4000 dl600       2   1365     971      2.78    1439     1121       2.88     1317       790        3.13
   Ultra            fijo 2 X4000 dl600       3   1610    1112      2.35    1381      901       3.69     1461      1051        3.10
WR70Plus 1/2/3 @ 3000/5000 X5000 dl600       1    718     -18      0.18     732      706       0.51      791       715        0.69
WR70Plus 1/2/3 @ 3000/5000 X5000 dl600       2    882     267      0.21     809      662       0.80      936       671        0.82
WR70Plus 1/2/3 @ 3000/5000 X5000 dl600       3    919     265      0.21     793      645       0.94      926       711        0.42
WR70Plus 1/2/4 @ 3000/5000 X5000 dl600       1    716     -18      0.16     727      632       0.52      750       706        0.77
WR70Plus 1/2/4 @ 3000/5000 X5000 dl600       2    883     267      0.20     794      662       0.81      896       680        0.79
WR70Plus 1/2/4 @ 3000/5000 X5000 dl600       3    935     265      0.18     759      645       0.94      865       662        0.54
WR70Plus 1/2/2 @ 3000/5000 X5000 dl600       1    710     -18      0.19     740      632       0.54      772       706        0.75
WR70Plus 1/2/2 @ 3000/5000 X5000 dl600       2    873     267      0.21     744      662       0.88      939       671        0.82
WR70Plus 1/2/2 @ 3000/5000 X5000 dl600       3    886     265      0.21     760      645       0.95      979       689        0.40
WR70Plus 1/1/2 @ 2000/3000 X5000 dl600       1    710     -18      0.19     740      632       0.54      772       706        0.75
WR70Plus 1/1/2 @ 2000/3000 X5000 dl600       2    873     267      0.21     744      662       0.88      939       671        0.82
WR70Plus 1/1/2 @ 2000/3000 X5000 dl600       3    886     265      0.21     760      645       0.95      979       689        0.40
WR70Plus              fijo 1 X3000 dl0       1    617      95      0.46     730      366       1.28      807       616        1.01
WR70Plus              fijo 1 X3000 dl0       2    738     218      0.72     771      548       1.55      907       636        1.46
WR70Plus              fijo 1 X3000 dl0       3    756     325      0.67     795      627       2.35     1006       660        1.27
WR70Plus            fijo 2 X4000 dl600       1    944     424      0.90    1003      715       1.06     1082       715        1.51
WR70Plus            fijo 2 X4000 dl600       2   1246     689      1.05    1120      812       2.74     1144       821        2.55
WR70Plus            fijo 2 X4000 dl600       3   1263     647      1.19    1059      575       2.59     1217       795        2.40
