Ultra eval+funded done
WR70Plus eval+funded done
    prof  k     dg  IS_pass  IS_p21  IS_p42  IS_meddays  IS_open  C24_pass  C24_p21  C24_p42  C24_meddays  C24_open  REAL_pass  REAL_p21  REAL_p42  REAL_meddays  REAL_open
   Ultra  1    0.0     84.0    27.9    61.3        29.0      0.0      71.6     31.4     61.8         24.0       0.0       74.5      37.6      66.7          21.0        0.0
   Ultra  1 1000.0     84.0    27.2    61.3        30.0      0.0      70.3     31.1     60.9         24.0       0.0       73.0      37.2      65.4          21.0        0.0
   Ultra  1 1400.0     84.0    27.9    61.5        29.0      0.0      71.2     31.6     61.8         23.0       0.0       73.7      38.9      66.9          20.5        0.0
   Ultra  2    0.0     53.5    44.5    52.8        12.0      0.0      47.4     43.7     47.4         11.0       0.0       53.1      48.4      53.1          10.0        0.0
   Ultra  2 1000.0     52.1    44.6    51.3        11.0      0.0      46.4     43.7     46.4         10.0       0.0       52.1      48.6      52.1          10.0        0.0
   Ultra  2 1400.0     53.3    45.7    52.6        11.0      0.0      47.4     44.8     47.4         10.0       0.0       53.1      49.5      53.1          10.0        0.0
   Ultra  3    0.0     41.8    39.4    41.8         7.0      0.0      35.5     35.0     35.5          7.0       0.0       40.8      40.6      40.8           7.0        0.0
   Ultra  3 1000.0     41.1    40.3    41.1         7.0      0.0      37.1     36.8     37.1          7.0       0.0       43.4      43.4      43.4           7.0        0.0
   Ultra  3 1400.0     40.7    39.3    40.7         7.0      0.0      36.9     36.9     36.9          6.0       0.0       42.6      42.6      42.6           7.0        0.0
   Ultra  4    0.0     38.1    36.2    38.1         7.0      0.0      30.0     29.5     30.0          6.0       0.0       34.5      34.3      34.5           6.0        0.0
   Ultra  4 1000.0     38.9    38.6    38.9         6.0      0.0      31.6     31.6     31.6          5.0       0.0       36.5      36.5      36.5           5.0        0.0
   Ultra  4 1400.0     38.0    37.3    38.0         6.0      0.0      30.7     30.6     30.7          5.0       0.0       35.8      35.8      35.8           5.0        0.0
WR70Plus  1    0.0     91.0    18.3    60.0        34.0      0.0      66.0     15.9     38.9         38.0       0.0       69.1      21.7      45.6          35.0        0.0
WR70Plus  1 1000.0     90.7    18.4    59.6        34.0      0.0      66.0     16.1     39.3         38.0       0.0       68.0      22.0      45.0          35.0        0.0
WR70Plus  1 1400.0     90.7    18.3    59.6        34.0      0.0      66.0     15.9     39.1         38.0       0.0       69.1      21.7      45.6          35.0        0.0
WR70Plus  2    0.0     65.0    43.7    63.4        16.0      0.0      48.1     38.2     48.0         14.0       0.0       57.4      43.3      57.2          14.0        0.0
WR70Plus  2 1000.0     63.2    44.6    62.0        15.0      0.0      47.8     39.3     47.8         13.0       0.0       57.8      44.3      57.6          14.0        0.0
WR70Plus  2 1400.0     64.0    44.5    62.7        15.0      0.0      47.1     38.4     47.1         13.0       0.0       56.7      43.0      56.5          14.0        0.0
WR70Plus  3    0.0     49.5    43.9    49.1        10.0      0.0      36.1     34.9     36.1          8.0       0.0       42.8      39.6      42.8           9.0        0.0
WR70Plus  3 1000.0     49.9    45.6    49.8         9.0      0.0      38.1     37.7     38.1          8.0       0.0       44.8      41.9      44.8           9.0        0.0
WR70Plus  3 1400.0     48.5    44.8    48.5         9.0      0.0      37.2     36.8     37.2          8.0       0.0       43.0      40.7      43.0           8.0        0.0
WR70Plus  4    0.0     41.3    39.0    41.2         8.0      0.0      31.9     30.6     31.9          8.0       0.0       35.9      35.0      35.9           8.0        0.0
WR70Plus  4 1000.0     39.1    38.0    39.1         7.0      0.0      32.2     31.7     32.2          7.0       0.0       35.7      35.4      35.7           7.0        0.0
WR70Plus  4 1400.0     39.9    39.0    39.9         7.0      0.0      32.0     31.7     32.0          7.0       0.0       36.3      36.1      36.3           7.0        0.0
    prof  k      X  own_dl  IS_Ecash  IS_bust  IS_any  IS_all5  IS_daysto5  C24_Ecash  C24_bust  C24_any  C24_all5  C24_daysto5  REAL_Ecash  REAL_bust  REAL_any  REAL_all5  REAL_daysto5
   Ultra  1 1000.0     0.0      2634     70.9    90.5     29.1        61.0       2313      83.5     79.1      16.5         60.0        2628       73.3      79.5       26.7          62.0
   Ultra  1 1000.0   400.0      2673     71.1    88.8     28.9        61.0       2584      74.2     79.4      25.8         60.0        2918       69.6      82.2       30.4          60.0
   Ultra  1 1000.0   600.0      2678     70.0    91.2     30.0        60.5       2421      76.3     77.5      23.7         61.0        2827       69.6      81.2       30.4          60.0
   Ultra  1 2000.0     0.0      3574     64.5    86.9     35.5        71.0       3070      73.1     71.9      26.9         72.0        3280       66.9      75.3       33.1          68.0
   Ultra  1 2000.0   400.0      3649     62.0    84.2     38.0        71.5       3323      67.5     70.3      32.5         69.0        3919       58.8      78.0       41.2          66.0
   Ultra  1 2000.0   600.0      3745     62.3    88.2     37.7        71.0       3128      70.3     71.5      29.7         69.5        3382       63.0      71.6       37.0          67.0
   Ultra  1 3000.0     0.0      5082     52.9    85.0     47.1        98.0       3904      66.6     67.3      33.4         82.0        4208       62.7      72.3       37.3          82.0
   Ultra  1 3000.0   400.0      4969     56.3    81.5     43.7        90.0       4213      62.2     67.5      37.8         84.0        5181       44.2      76.3       55.8          78.0
   Ultra  1 3000.0   600.0      5381     47.5    86.4     52.5       100.0       4213      59.6     68.7      40.4         80.5        4639       50.6      69.4       49.4          75.5
   Ultra  1 4000.0     0.0      7217     24.1    85.0     73.7       128.0       4694      60.1     66.6      39.9        100.0        5369       51.1      71.1       48.9         100.0
   Ultra  1 4000.0   400.0      6823     28.8    81.5     69.4       131.0       5245      50.1     66.6      49.9        103.0        5947       43.2      75.1       56.8          93.0
   Ultra  1 4000.0   600.0      7262     23.8    86.4     73.7       127.0       4932      55.9     68.0      44.1         97.0        5213       52.3      68.1       47.7          85.0
   Ultra  2 1000.0     0.0      2357     81.5    64.3     18.5        52.0       2412      80.3     57.1      19.7         51.0        2729       77.3      58.5       22.7          50.0
   Ultra  2 1000.0   400.0      2686     75.8    61.0     24.2        53.0       2786      74.9     65.0      25.1         53.0        2833       78.0      64.9       22.0          51.0
   Ultra  2 1000.0   600.0      2707     76.0    66.1     24.0        52.0       2707      77.0     62.9      23.0         54.0        2884       75.6      62.2       24.4          51.0
   Ultra  2 2000.0     0.0      2432     81.4    55.1     18.6        52.0       2538      79.8     52.4      20.2         53.0        2983       74.3      56.8       25.7          52.0
   Ultra  2 2000.0   400.0      2758     76.4    54.4     23.6        53.0       3135      72.2     62.4      27.8         55.5        3197       73.1      63.2       26.9          53.0
   Ultra  2 2000.0   600.0      2807     75.9    58.0     24.1        52.0       2986      75.4     60.8      24.6         56.0        3232       71.4      61.5       28.6          53.0
   Ultra  2 3000.0     0.0      2809     77.4    50.1     22.6        56.0       2730      77.0     49.0      23.0         58.0        3223       71.1      53.3       28.9          57.0
   Ultra  2 3000.0   400.0      2960     75.9    51.1     24.1        54.0       3432      68.4     56.8      31.6         61.0        3793       64.7      60.7       35.3          58.0
   Ultra  2 3000.0   600.0      3164     72.7    53.2     27.3        54.0       3289      70.1     55.0      29.9         62.0        3591       68.1      58.8       31.9          58.0
   Ultra  2 4000.0     0.0      3099     74.8    46.7     25.2        63.0       3024      74.5     45.5      25.5         60.0        3462       67.7      48.9       32.3          61.0
   Ultra  2 4000.0   400.0      3268     73.6    49.4     26.4        57.5       3667      65.4     52.2      34.6         67.0        4120       60.0      57.0       40.0          63.0
   Ultra  2 4000.0   600.0      3598     67.9    50.7     32.1        60.0       3587      66.4     51.3      33.6         64.0        4200       60.7      57.8       39.3          63.0
WR70Plus  1 1000.0     0.0      3348     54.6    94.6     45.4        80.0       2057      88.9     83.8      11.1         67.0        2315       77.0      83.8       23.0          68.5
WR70Plus  1 1000.0   400.0      3411     53.6    94.4     46.4        80.0       2371      80.4     85.9      19.6         69.0        2455       75.0      86.8       25.0          68.0
WR70Plus  1 1000.0   600.0      3271     55.6    93.9     44.4        81.0       2110      84.5     83.4      15.5         72.0        2322       75.7      80.1       24.3          68.0
WR70Plus  1 2000.0     0.0      4825     34.8    93.0     65.2        95.0       2785      82.0     74.1      18.0         97.0        2854       80.1      78.7       19.9          81.0
WR70Plus  1 2000.0   400.0      4998     28.6    92.0     71.4        94.0       3347      73.0     78.1      27.0         94.0        3608       64.2      85.5       35.8          80.5
WR70Plus  1 2000.0   600.0      4812     32.7    92.0     67.3        94.0       2821      81.3     74.1      18.7         98.0        2787       75.0      74.0       25.0          81.0
WR70Plus  1 3000.0     0.0      6305     24.5    92.8     72.9       109.0       3431      81.1     66.1      18.9         93.5        4004       70.8      72.1       29.2         109.0
WR70Plus  1 3000.0   400.0      6376     21.9    91.3     73.0       111.0       4477      63.7     75.3      36.3         96.0        5210       50.2      82.6       49.8          98.0
WR70Plus  1 3000.0   600.0      6088     28.9    90.2     68.4       111.0       3502      79.0     65.6      21.0        105.0        3780       72.5      67.2       27.5         107.0
WR70Plus  1 4000.0     0.0      7594     11.1    92.8     72.2       129.0       4498      71.6     65.8      28.4        110.0        5012       63.7      70.8       36.3         129.5
WR70Plus  1 4000.0   400.0      7703     10.9    91.3     75.8       132.0       5774      49.0     75.1      51.0        123.0        6446       39.2      81.4       60.8         126.0
WR70Plus  1 4000.0   600.0      7401     13.1    90.2     70.8       130.0       4594      68.1     65.4      31.9        117.5        4725       64.5      65.9       35.5         130.0
WR70Plus  2 1000.0     0.0      2989     71.0    68.0     29.0        55.0       2031      85.7     58.4      14.3         49.5        2636       79.7      64.0       20.3          56.0
WR70Plus  2 1000.0   400.0      2825     74.4    70.8     25.6        53.0       2252      81.5     61.0      18.5         56.5        2605       78.4      63.5       21.6          58.0
WR70Plus  2 1000.0   600.0      3223     68.4    72.5     31.6        56.0       2193      83.1     60.5      16.9         54.0        2464       81.1      61.0       18.9          58.0
WR70Plus  2 2000.0     0.0      3393     66.9    64.8     33.1        57.0       2234      84.1     55.0      15.9         52.0        2718       78.7      60.0       21.3          57.0
WR70Plus  2 2000.0   400.0      3197     70.4    66.3     29.6        55.0       2599      77.8     56.8      22.2         60.0        2661       77.9      57.8       22.1          59.0
WR70Plus  2 2000.0   600.0      3620     63.8    69.1     36.2        59.0       2566      79.0     58.2      21.0         59.0        2566       80.1      58.1       19.9          59.0
WR70Plus  2 3000.0     0.0      3988     64.1    62.0     35.9        64.0       2382      85.5     47.6      14.5         57.0        2981       77.0      58.6       23.0          62.0
WR70Plus  2 3000.0   400.0      3665     66.9    61.3     33.1        61.0       2909      77.1     54.7      22.9         68.0        3001       75.7      54.4       24.3          64.0
WR70Plus  2 3000.0   600.0      4206     60.8    67.0     39.2        65.0       2853      79.4     53.3      20.6         65.0        2912       77.7      56.4       22.3          62.0
WR70Plus  2 4000.0     0.0      4464     57.9    59.7     42.1        70.0       2818      78.8     44.8      21.2         83.0        3313       73.5      55.9       26.5          70.5
WR70Plus  2 4000.0   400.0      4363     58.3    59.6     41.7        69.0       3193      75.5     49.9      24.5         84.0        3318       71.6      52.0       28.4          73.0
WR70Plus  2 4000.0   600.0      4979     50.5    65.1     49.5        72.0       3247      75.1     50.1      24.9         84.0        3450       73.5      54.4       26.5          73.0
Ultra lifecycle done
WR70Plus lifecycle done
           firm     prof                      eval         funded  IS_net_mo  C24_net_mo  REAL_net_mo  IS_p10_mo  C24_p10_mo  REAL_p10_mo  REAL_evals_yr  REAL_funded_yr  REAL_payouts_yr  REAL_busts_yr
     Lucid Flex    Ultra                    k1 dg0   k1 X2000 dl0     761.02     1010.05      1184.21     372.48      759.46       916.82           5.67            3.40             9.76           1.16
     Lucid Flex    Ultra                    k1 dg0   k1 X3000 dl0     841.92     1057.77      1213.06     346.70      777.17       844.12           5.08            3.20             8.97           1.21
     Lucid Flex    Ultra                    k1 dg0   k1 X4000 dl0     875.82     1009.24      1178.38     273.70      714.93       847.40           3.73            2.87             8.07           0.98
     Lucid Flex    Ultra                    k1 dg0 k1 X3000 dl400     839.87     1016.11      1182.74     340.95      735.81       795.40           4.38            3.06             8.93           1.07
     Lucid Flex    Ultra                    k1 dg0 k2 X4000 dl600    1107.82     1331.71      1098.97     697.40      979.87       688.63           6.07            4.57             7.68           2.87
     Lucid Flex    Ultra                    k2 dg0   k1 X2000 dl0     935.08     1153.92      1304.46     415.20      871.94      1040.01           8.10            3.92            11.04           1.76
     Lucid Flex    Ultra                    k2 dg0   k1 X3000 dl0     999.70     1241.71      1353.58     551.58      978.73      1123.87           8.90            3.64            10.25           1.28
     Lucid Flex    Ultra                    k2 dg0   k1 X4000 dl0     982.17     1216.75      1371.82     424.58      864.93      1138.63           6.76            3.13             9.54           0.99
     Lucid Flex    Ultra                    k2 dg0 k1 X3000 dl400    1000.30     1259.10      1367.15     560.34      986.90      1224.08           7.36            3.15            10.47           0.83
     Lucid Flex    Ultra                    k2 dg0 k2 X4000 dl600    1365.05     1438.88      1316.92     971.10     1121.10       789.54           8.97            5.25             9.30           3.13
     Lucid Flex    Ultra                 k2 dg1400   k1 X2000 dl0     940.46     1208.59      1307.43     415.20      980.68      1071.44           8.62            4.07            11.26           1.87
     Lucid Flex    Ultra                 k2 dg1400   k1 X3000 dl0    1000.29     1251.58      1351.74     552.23     1002.16      1114.63           8.98            3.68            10.23           1.32
     Lucid Flex    Ultra                 k2 dg1400   k1 X4000 dl0    1003.29     1208.51      1376.27     424.58      873.70      1138.63           6.76            3.16             9.57           1.03
     Lucid Flex    Ultra                 k2 dg1400 k1 X3000 dl400    1009.26     1256.86      1361.48     560.50      968.00      1221.85           8.09            3.15            10.47           0.81
     Lucid Flex    Ultra                 k2 dg1400 k2 X4000 dl600    1350.10     1448.27      1431.32     971.10     1121.10      1135.51          11.76            5.24            10.23           2.98
     Lucid Flex    Ultra                 k3 dg1400   k1 X2000 dl0     970.06     1205.31      1316.39     410.42      943.21      1106.91          15.46            5.04            12.10           2.92
     Lucid Flex    Ultra                 k3 dg1400   k1 X3000 dl0    1042.52     1308.38      1456.31     523.03     1082.40      1237.81          11.31            3.83            11.32           1.15
     Lucid Flex    Ultra                 k3 dg1400   k1 X4000 dl0    1019.97     1280.06      1430.22     512.33      971.10      1257.07           9.61            3.49            10.10           0.97
     Lucid Flex    Ultra                 k3 dg1400 k1 X3000 dl400    1060.64     1297.75      1393.28     529.95     1049.66      1189.91          12.16            3.59            10.82           1.05
     Lucid Flex    Ultra                 k3 dg1400 k2 X4000 dl600    1629.96     1450.39      1581.72    1095.68     1007.13      1342.20          15.39            5.50            11.44           3.10
     Lucid Flex    Ultra                 k4 dg1400   k1 X2000 dl0     977.72     1160.92      1263.24     419.23      908.35      1065.44          19.23            5.24            11.67           3.10
     Lucid Flex    Ultra                 k4 dg1400   k1 X3000 dl0    1026.46     1230.79      1367.50     499.27     1035.32      1121.86          16.64            3.46            11.14           0.95
     Lucid Flex    Ultra                 k4 dg1400   k1 X4000 dl0    1028.38     1238.46      1386.24     512.33      921.13      1154.41          12.09            3.39             9.95           0.92
     Lucid Flex    Ultra                 k4 dg1400 k1 X3000 dl400    1052.07     1226.93      1371.99     502.59      959.74      1210.64          14.03            3.45            10.96           0.85
     Lucid Flex    Ultra                 k4 dg1400 k2 X4000 dl600    1625.85     1304.08      1584.15    1068.50      983.46      1307.13          19.04            6.12            11.67           3.50
Apex INTRA 2026    Ultra  (1, 8, 2000.0, 2, 400.0)       k1 dl400     973.53     1027.29      1103.25     516.45      912.24       931.06           5.92            2.47             7.12           0.71
  Apex EOD 2026    Ultra (2, 12, 1500.0, 3, 600.0)       k1 dl400    1039.46     1081.01      1142.13     563.50      926.93       952.12           5.59            2.62             7.39           0.73
     Lucid Flex WR70Plus                    k1 dg0   k1 X2000 dl0     530.10      693.65       791.57     141.22      389.87       499.08           3.93            3.00             7.11           1.96
     Lucid Flex WR70Plus                    k1 dg0   k1 X3000 dl0     616.95      730.33       807.42      95.09      365.77       615.98           3.26            2.42             6.20           1.01
     Lucid Flex WR70Plus                    k1 dg0   k1 X4000 dl0     603.20      649.18       718.74     -17.53      273.70       494.32           3.57            2.57             5.00           1.17
     Lucid Flex WR70Plus                    k1 dg0 k1 X3000 dl400     626.92      699.34       782.40      98.18      477.15       606.72           2.96            2.38             6.09           0.76
     Lucid Flex WR70Plus                    k1 dg0 k2 X4000 dl600     943.72     1003.29      1081.83     423.70      714.93       714.93           4.17            3.03             7.46           1.51
     Lucid Flex WR70Plus                    k2 dg0   k1 X2000 dl0     664.27      836.57       961.03     221.69      575.97       671.70           6.57            3.21             8.92           1.46
     Lucid Flex WR70Plus                    k2 dg0   k1 X3000 dl0     737.86      771.22       907.33     217.68      548.44       636.09           6.40            3.05             7.29           1.46
     Lucid Flex WR70Plus                    k2 dg0   k1 X4000 dl0     742.32      714.79       811.97     256.17      538.63       679.87           5.89            2.76             5.76           1.12
     Lucid Flex WR70Plus                    k2 dg0 k1 X3000 dl400     751.98      849.98       919.02     321.42      601.77       631.98           5.64            2.62             7.35           0.96
     Lucid Flex WR70Plus                    k2 dg0 k2 X4000 dl600    1245.73     1119.62      1144.05     688.63      812.33       821.10           7.64            4.32             8.07           2.55
     Lucid Flex WR70Plus                 k2 dg1400   k1 X2000 dl0     685.13      836.31      1017.15     221.69      581.23       778.80           7.43            3.90             9.28           2.23
     Lucid Flex WR70Plus                 k2 dg1400   k1 X3000 dl0     769.45      806.46       954.61     217.68      589.69       737.65           6.60            3.07             7.69           1.43
     Lucid Flex WR70Plus                 k2 dg1400   k1 X4000 dl0     739.52      714.71       833.13     256.17      529.87       671.10           5.99            2.72             5.90           1.00
     Lucid Flex WR70Plus                 k2 dg1400 k1 X3000 dl400     780.77      868.64       940.75     321.42      605.28       675.13           6.05            2.74             7.60           1.07
     Lucid Flex WR70Plus                 k2 dg1400 k2 X4000 dl600    1272.03     1113.54      1304.55     688.63      794.80       971.10           7.45            4.25             9.13           2.16
     Lucid Flex WR70Plus                 k3 dg1400   k1 X2000 dl0     763.60      801.71       974.35     365.67      594.24       709.04          12.25            3.89             9.23           2.15
     Lucid Flex WR70Plus                 k3 dg1400   k1 X3000 dl0     797.41      818.99      1061.53     325.23      613.24       826.51           8.37            2.82             8.39           1.29
     Lucid Flex WR70Plus                 k3 dg1400   k1 X4000 dl0     796.52      720.25       900.83     264.93      618.50       679.87           6.57            2.54             6.39           0.78
     Lucid Flex WR70Plus                 k3 dg1400 k1 X3000 dl400     820.30      916.74      1061.55     327.01      707.52       833.04           6.12            2.44             8.45           0.67
     Lucid Flex WR70Plus                 k3 dg1400 k2 X4000 dl600    1301.50     1117.56      1326.75     646.55      777.27      1050.97          12.09            4.76             9.55           2.71
     Lucid Flex WR70Plus                 k4 dg1400   k1 X2000 dl0     782.01      919.07       987.40     377.84      664.73       764.21          14.68            3.45             9.46           1.70
     Lucid Flex WR70Plus                 k4 dg1400   k1 X3000 dl0     799.90      861.36      1055.64     339.55      642.76       781.60           9.99            2.71             8.50           1.20
     Lucid Flex WR70Plus                 k4 dg1400   k1 X4000 dl0     815.48      768.49       909.41     273.70      636.03       671.10           7.99            2.62             6.53           0.87
     Lucid Flex WR70Plus                 k4 dg1400 k1 X3000 dl400     821.30      938.83      1045.11     336.20      704.48       820.64           7.90            2.45             8.47           0.68
     Lucid Flex WR70Plus                 k4 dg1400 k2 X4000 dl600    1309.73     1260.08      1381.57     662.33      824.61      1050.97          14.39            4.86            10.05           2.66
Apex INTRA 2026 WR70Plus  (1, 8, 2000.0, 2, 400.0)       k1 dl400     583.82      852.32       939.47      93.07      565.00       728.86           5.28            1.55             5.96           0.26
  Apex EOD 2026 WR70Plus (2, 12, 1500.0, 3, 600.0)       k1 dl400     760.83      903.58       967.82     118.69      576.24       761.22           4.35            2.11             6.24           0.57
