configs: 37982 {'AMD_POC': 1344, 'RANGE_BREAK': 672, 'LEVEL_RETEST': 384, 'LEVEL_FADE': 512, 'VWAP_PULLBACK': 576, 'VWAP_BAND': 432, 'OPEN_DRIVE': 288, 'OD_PULLBACK': 162, 'PATTERN_5M': 352, 'VA_80': 108, 'CLOCK_ANCHOR': 1728, 'GAP': 216, 'HOD_RETEST': 192, 'VOL_BREAK': 192, 'PIVOT_FADE': 512, 'PIVOT_BREAK': 288, 'ROUND_NUM': 288, 'WEEK_LEVEL': 192, 'RSI_DIV': 192, 'ON_INVENTORY': 576, 'INSIDE_DAY': 48, 'CISD_TRITON': 14400, 'EMA9_VWAP': 1152, 'ENGULF_4H': 2304, 'LATE_MOM': 2304, 'G_DRIVE': 7200, 'G_ORB': 1368}
0 8 s
200 8 s
400 8 s
600 9 s
800 9 s
1000 9 s
1200 9 s
1400 9 s
1600 10 s
1800 10 s
2000 10 s
2200 10 s
2400 11 s
2600 12 s
2800 12 s
3000 12 s
3200 13 s
3400 13 s
3600 14 s
3800 14 s
4000 15 s
4200 15 s
4400 17 s
4600 19 s
4800 20 s
5000 20 s
5200 20 s
5400 21 s
5600 21 s
5800 21 s
6000 22 s
6200 24 s
6400 26 s
6600 27 s
6800 27 s
7000 28 s
7200 28 s
7400 29 s
7600 29 s
7800 29 s
8000 30 s
8200 30 s
8400 31 s
8600 32 s
8800 32 s
9000 32 s
9200 32 s
9400 37 s
9600 42 s
9800 47 s
10000 52 s
10200 58 s
10400 63 s
10600 68 s
10800 73 s
11000 78 s
11200 84 s
11400 89 s
11600 94 s
11800 98 s
12000 103 s
12200 109 s
12400 114 s
12600 119 s
12800 123 s
13000 129 s
13200 134 s
13400 139 s
13600 144 s
13800 149 s
14000 155 s
14200 159 s
14400 160 s
14600 161 s
14800 163 s
15000 164 s
15200 166 s
15400 167 s
15600 168 s
15800 170 s
16000 171 s
16200 172 s
16400 173 s
16600 175 s
16800 176 s
17000 177 s
17200 179 s
17400 180 s
17600 181 s
17800 183 s
18000 184 s
18200 186 s
18400 187 s
18600 188 s
18800 190 s
19000 191 s
19200 192 s
19400 192 s
19600 193 s
19800 194 s
20000 195 s
20200 196 s
20400 197 s
20600 198 s
20800 199 s
21000 199 s
21200 200 s
21400 201 s
21600 202 s
21800 203 s
22000 203 s
22200 204 s
22400 205 s
22600 206 s
22800 207 s
23000 208 s
23200 209 s
23400 210 s
23600 211 s
23800 217 s
24000 219 s
24200 224 s
24400 225 s
24600 230 s
24800 231 s
25000 232 s
25200 233 s
25400 233 s
25600 234 s
25800 235 s
26000 236 s
26200 236 s
26400 237 s
26600 238 s
26800 238 s
27000 239 s
27200 239 s
27400 240 s
27600 240 s
27800 240 s
28000 240 s
28200 240 s
28400 241 s
28600 241 s
28800 241 s
29000 241 s
29200 242 s
29400 242 s
29600 242 s
29800 242 s
30000 242 s
30200 242 s
30400 243 s
30600 243 s
30800 243 s
31000 244 s
31200 244 s
31400 244 s
31600 244 s
31800 244 s
32000 245 s
32200 245 s
32400 245 s
32600 245 s
32800 246 s
33000 246 s
33200 246 s
33400 247 s
33600 247 s
33800 247 s
34000 247 s
34200 248 s
34400 248 s
34600 248 s
34800 249 s
35000 249 s
35200 249 s
35400 250 s
35600 250 s
35800 250 s
36000 250 s
36200 251 s
36400 251 s
36600 252 s
36800 252 s
37000 253 s
37200 253 s
37400 254 s
37600 254 s
37800 255 s
done 256 s; errors: 0
