configs: 29414 {'AMD_POC': 1344, 'RANGE_BREAK': 672, 'LEVEL_RETEST': 384, 'LEVEL_FADE': 512, 'VWAP_PULLBACK': 576, 'VWAP_BAND': 432, 'OPEN_DRIVE': 288, 'OD_PULLBACK': 162, 'PATTERN_5M': 352, 'VA_80': 108, 'CLOCK_ANCHOR': 1728, 'GAP': 216, 'HOD_RETEST': 192, 'VOL_BREAK': 192, 'PIVOT_FADE': 512, 'PIVOT_BREAK': 288, 'ROUND_NUM': 288, 'WEEK_LEVEL': 192, 'RSI_DIV': 192, 'ON_INVENTORY': 576, 'INSIDE_DAY': 48, 'CISD_TRITON': 14400, 'EMA9_VWAP': 1152, 'ENGULF_4H': 2304, 'LATE_MOM': 2304}
0 6 s
200 6 s
400 6 s
600 6 s
800 6 s
1000 6 s
1200 6 s
1400 6 s
1600 6 s
1800 7 s
2000 7 s
2200 7 s
2400 7 s
2600 7 s
2800 8 s
3000 8 s
3200 8 s
3400 8 s
3600 9 s
3800 9 s
4000 9 s
4200 9 s
4400 10 s
4600 11 s
4800 12 s
5000 12 s
5200 12 s
5400 12 s
5600 12 s
5800 12 s
6000 13 s
6200 14 s
6400 14 s
6600 15 s
6800 15 s
7000 15 s
7200 16 s
7400 16 s
7600 16 s
7800 16 s
8000 17 s
8200 17 s
8400 17 s
8600 17 s
8800 18 s
9000 18 s
9200 18 s
9400 20 s
9600 23 s
9800 25 s
10000 28 s
10200 31 s
10400 34 s
10600 36 s
10800 38 s
11000 41 s
11200 44 s
11400 46 s
11600 49 s
11800 51 s
12000 54 s
12200 56 s
12400 58 s
12600 61 s
12800 63 s
13000 66 s
13200 69 s
13400 71 s
13600 74 s
13800 76 s
14000 79 s
14200 81 s
14400 82 s
14600 82 s
14800 83 s
15000 84 s
15200 84 s
15400 85 s
15600 86 s
15800 87 s
16000 87 s
16200 88 s
16400 89 s
16600 89 s
16800 90 s
17000 91 s
17200 92 s
17400 92 s
17600 93 s
17800 94 s
18000 94 s
18200 95 s
18400 96 s
18600 96 s
18800 97 s
19000 98 s
19200 98 s
19400 98 s
19600 99 s
19800 100 s
20000 100 s
20200 100 s
20400 101 s
20600 101 s
20800 102 s
21000 102 s
21200 103 s
21400 103 s
21600 103 s
21800 104 s
22000 104 s
22200 105 s
22400 105 s
22600 106 s
22800 106 s
23000 107 s
23200 107 s
23400 108 s
23600 108 s
23800 111 s
24000 112 s
24200 114 s
24400 115 s
24600 117 s
24800 118 s
25000 119 s
25200 119 s
25400 119 s
25600 120 s
25800 120 s
26000 120 s
26200 121 s
26400 121 s
26600 121 s
26800 122 s
27000 122 s
27200 122 s
27400 122 s
27600 122 s
27800 122 s
28000 123 s
28200 123 s
28400 123 s
28600 123 s
28800 123 s
29000 123 s
29200 123 s
29400 123 s
done 124 s; errors: 0
