configs: 37982 {'AMD_POC': 1344, 'RANGE_BREAK': 672, 'LEVEL_RETEST': 384, 'LEVEL_FADE': 512, 'VWAP_PULLBACK': 576, 'VWAP_BAND': 432, 'OPEN_DRIVE': 288, 'OD_PULLBACK': 162, 'PATTERN_5M': 352, 'VA_80': 108, 'CLOCK_ANCHOR': 1728, 'GAP': 216, 'HOD_RETEST': 192, 'VOL_BREAK': 192, 'PIVOT_FADE': 512, 'PIVOT_BREAK': 288, 'ROUND_NUM': 288, 'WEEK_LEVEL': 192, 'RSI_DIV': 192, 'ON_INVENTORY': 576, 'INSIDE_DAY': 48, 'CISD_TRITON': 14400, 'EMA9_VWAP': 1152, 'ENGULF_4H': 2304, 'LATE_MOM': 2304, 'G_DRIVE': 7200, 'G_ORB': 1368}
0 7 s
200 7 s
400 7 s
600 7 s
800 7 s
1000 7 s
1200 8 s
1400 8 s
1600 8 s
1800 8 s
2000 8 s
2200 8 s
2400 9 s
2600 9 s
2800 10 s
3000 10 s
3200 10 s
3400 10 s
3600 11 s
3800 11 s
4000 12 s
4200 12 s
4400 13 s
4600 14 s
4800 15 s
5000 15 s
5200 15 s
5400 15 s
5600 16 s
5800 16 s
6000 17 s
6200 17 s
6400 19 s
6600 20 s
6800 20 s
7000 20 s
7200 20 s
7400 21 s
7600 21 s
7800 21 s
8000 22 s
8200 22 s
8400 23 s
8600 23 s
8800 23 s
9000 23 s
9200 23 s
9400 27 s
9600 30 s
9800 34 s
10000 37 s
10200 41 s
10400 45 s
10600 48 s
10800 52 s
11000 55 s
11200 59 s
11400 63 s
11600 66 s
11800 70 s
12000 73 s
12200 77 s
12400 80 s
12600 84 s
12800 87 s
13000 91 s
13200 95 s
13400 98 s
13600 102 s
13800 105 s
14000 109 s
14200 112 s
14400 113 s
14600 113 s
14800 114 s
15000 116 s
15200 117 s
15400 118 s
15600 119 s
15800 119 s
16000 121 s
16200 122 s
16400 123 s
16600 124 s
16800 125 s
17000 126 s
17200 126 s
17400 127 s
17600 128 s
17800 129 s
18000 130 s
18200 131 s
18400 132 s
18600 133 s
18800 134 s
19000 135 s
19200 136 s
19400 136 s
19600 137 s
19800 137 s
20000 138 s
20200 139 s
20400 139 s
20600 140 s
20800 140 s
21000 141 s
21200 142 s
21400 142 s
21600 143 s
21800 143 s
22000 144 s
22200 144 s
22400 145 s
22600 146 s
22800 146 s
23000 147 s
23200 148 s
23400 148 s
23600 149 s
23800 154 s
24000 155 s
24200 158 s
24400 159 s
24600 162 s
24800 163 s
25000 164 s
25200 164 s
25400 165 s
25600 165 s
25800 166 s
26000 166 s
26200 167 s
26400 167 s
26600 167 s
26800 168 s
27000 168 s
27200 169 s
27400 169 s
27600 169 s
27800 169 s
28000 169 s
28200 170 s
28400 170 s
28600 170 s
28800 170 s
29000 170 s
29200 170 s
29400 171 s
29600 171 s
29800 171 s
30000 171 s
30200 171 s
30400 171 s
30600 171 s
30800 171 s
31000 172 s
31200 172 s
31400 172 s
31600 172 s
31800 172 s
32000 172 s
32200 172 s
32400 173 s
32600 173 s
32800 173 s
33000 173 s
33200 173 s
33400 173 s
33600 174 s
33800 174 s
34000 174 s
34200 174 s
34400 174 s
34600 175 s
34800 175 s
35000 175 s
35200 175 s
35400 175 s
35600 176 s
35800 176 s
36000 176 s
36200 176 s
36400 176 s
36600 177 s
36800 177 s
37000 177 s
37200 178 s
37400 178 s
37600 179 s
37800 179 s
done 180 s; errors: 0
