configs: 8568 {'G_DRIVE': 7200, 'G_ORB': 1368}
0 5 s
200 5 s
400 5 s
600 5 s
800 5 s
1000 5 s
1200 6 s
1400 6 s
1600 6 s
1800 6 s
2000 6 s
2200 6 s
2400 6 s
2600 6 s
2800 7 s
3000 7 s
3200 7 s
3400 7 s
3600 7 s
3800 7 s
4000 7 s
4200 8 s
4400 8 s
4600 8 s
4800 8 s
5000 8 s
5200 8 s
5400 8 s
5600 9 s
5800 9 s
6000 9 s
6200 9 s
6400 9 s
6600 9 s
6800 9 s
7000 10 s
7200 10 s
7400 10 s
7600 11 s
7800 11 s
8000 11 s
8200 11 s
8400 12 s
done 12 s; errors: 0
