configs: 17856 {'CISD_TRITON': 14400, 'EMA9_VWAP': 1152, 'ENGULF_4H': 2304}
0 5 s
200 10 s
400 13 s
600 15 s
800 18 s
1000 21 s
1200 23 s
1400 26 s
1600 28 s
1800 31 s
2000 34 s
2200 36 s
2400 39 s
2600 41 s
2800 44 s
3000 46 s
3200 49 s
3400 51 s
3600 54 s
3800 56 s
4000 59 s
4200 61 s
4400 64 s
4600 66 s
4800 70 s
5000 71 s
5200 71 s
5400 72 s
5600 73 s
5800 74 s
6000 74 s
6200 75 s
6400 75 s
6600 76 s
6800 77 s
7000 78 s
7200 78 s
7400 79 s
7600 80 s
7800 81 s
8000 81 s
8200 82 s
8400 83 s
8600 84 s
8800 84 s
9000 85 s
9200 86 s
9400 86 s
9600 88 s
9800 88 s
10000 89 s
10200 89 s
10400 90 s
10600 90 s
10800 91 s
11000 91 s
11200 92 s
11400 92 s
11600 92 s
11800 93 s
12000 93 s
12200 94 s
12400 94 s
12600 95 s
12800 95 s
13000 96 s
13200 96 s
13400 97 s
13600 97 s
13800 97 s
14000 98 s
14200 98 s
14400 99 s
14600 102 s
14800 104 s
15000 105 s
15200 107 s
15400 108 s
15600 109 s
15800 109 s
16000 110 s
16200 110 s
16400 110 s
16600 111 s
16800 111 s
17000 111 s
17200 112 s
17400 112 s
17600 112 s
17800 113 s
done 113 s; errors: 0
