configs: 37982 {'AMD_POC': 1344, 'RANGE_BREAK': 672, 'LEVEL_RETEST': 384, 'LEVEL_FADE': 512, 'VWAP_PULLBACK': 576, 'VWAP_BAND': 432, 'OPEN_DRIVE': 288, 'OD_PULLBACK': 162, 'PATTERN_5M': 352, 'VA_80': 108, 'CLOCK_ANCHOR': 1728, 'GAP': 216, 'HOD_RETEST': 192, 'VOL_BREAK': 192, 'PIVOT_FADE': 512, 'PIVOT_BREAK': 288, 'ROUND_NUM': 288, 'WEEK_LEVEL': 192, 'RSI_DIV': 192, 'ON_INVENTORY': 576, 'INSIDE_DAY': 48, 'CISD_TRITON': 14400, 'EMA9_VWAP': 1152, 'ENGULF_4H': 2304, 'LATE_MOM': 2304, 'G_DRIVE': 7200, 'G_ORB': 1368}
0 9 s
200 9 s
400 10 s
600 10 s
800 10 s
1000 10 s
1200 10 s
1400 11 s
1600 11 s
1800 11 s
2000 11 s
2200 12 s
2400 12 s
2600 13 s
2800 13 s
3000 14 s
3200 14 s
3400 15 s
3600 15 s
3800 16 s
4000 16 s
4200 16 s
4400 18 s
4600 20 s
4800 21 s
5000 22 s
5200 22 s
5400 22 s
5600 22 s
5800 23 s
6000 24 s
6200 25 s
6400 27 s
6600 29 s
6800 29 s
7000 29 s
7200 30 s
7400 30 s
7600 31 s
7800 31 s
8000 32 s
8200 32 s
8400 33 s
8600 33 s
8800 33 s
9000 34 s
9200 34 s
9400 39 s
9600 44 s
9800 49 s
10000 54 s
10200 60 s
10400 65 s
10600 70 s
10800 75 s
11000 80 s
11200 85 s
11400 90 s
11600 95 s
11800 100 s
12000 105 s
12200 111 s
12400 115 s
12600 120 s
12800 125 s
13000 131 s
13200 136 s
13400 141 s
13600 146 s
13800 151 s
14000 157 s
14200 161 s
14400 162 s
14600 163 s
14800 165 s
15000 167 s
15200 168 s
15400 169 s
15600 170 s
15800 172 s
16000 173 s
16200 175 s
16400 176 s
16600 177 s
16800 178 s
17000 180 s
17200 181 s
17400 182 s
17600 184 s
17800 185 s
18000 187 s
18200 188 s
18400 189 s
18600 191 s
18800 192 s
19000 193 s
19200 194 s
19400 195 s
19600 196 s
19800 197 s
20000 198 s
20200 198 s
20400 199 s
20600 200 s
20800 201 s
21000 202 s
21200 203 s
21400 203 s
21600 204 s
21800 205 s
22000 206 s
22200 207 s
22400 208 s
22600 209 s
22800 210 s
23000 210 s
23200 211 s
23400 212 s
23600 213 s
23800 220 s
24000 222 s
24200 226 s
24400 228 s
24600 233 s
24800 234 s
25000 235 s
25200 236 s
25400 236 s
25600 237 s
25800 238 s
26000 238 s
26200 239 s
26400 240 s
26600 240 s
26800 241 s
27000 242 s
27200 242 s
27400 242 s
27600 243 s
27800 243 s
28000 243 s
28200 243 s
28400 244 s
28600 244 s
28800 244 s
29000 244 s
29200 245 s
29400 245 s
29600 245 s
29800 245 s
30000 245 s
30200 245 s
30400 245 s
30600 246 s
30800 246 s
31000 246 s
31200 246 s
31400 247 s
31600 247 s
31800 247 s
32000 247 s
32200 248 s
32400 248 s
32600 248 s
32800 248 s
33000 249 s
33200 249 s
33400 249 s
33600 250 s
33800 250 s
34000 250 s
34200 251 s
34400 251 s
34600 251 s
34800 251 s
35000 252 s
35200 252 s
35400 252 s
35600 253 s
35800 253 s
36000 253 s
36200 254 s
36400 254 s
36600 254 s
36800 255 s
37000 255 s
37200 256 s
37400 256 s
37600 257 s
37800 257 s
done 258 s; errors: 0
