data loaded 10 s
Q_NOISE 0 / 288 1 s
Q_NOISE 100 / 288 4 s
Q_NOISE 200 / 288 6 s
done Q_NOISE 288 configs 8 s
Q_CAL 0 / 396 0 s
Q_CAL 100 / 396 1 s
Q_CAL 200 / 396 2 s
Q_CAL 300 / 396 3 s
done Q_CAL 396 configs 5 s
Q_REBAL 0 / 144 0 s
Q_REBAL 100 / 144 1 s
done Q_REBAL 144 configs 2 s
Q_SEASON 0 / 192 0 s
Q_SEASON 100 / 192 16 s
done Q_SEASON 192 configs 23 s
Q_RELSTR 0 / 576 4 s
Q_RELSTR 100 / 576 10 s
Q_RELSTR 200 / 576 16 s
Q_RELSTR 300 / 576 21 s
Q_RELSTR 400 / 576 27 s
Q_RELSTR 500 / 576 32 s
done Q_RELSTR 576 configs 36 s
Q_XLEAD 0 / 216 1 s
Q_XLEAD 100 / 216 97 s
Q_XLEAD 200 / 216 195 s
done Q_XLEAD 216 configs 210 s
Q_VR 0 / 576 0 s
Q_VR 100 / 576 2 s
Q_VR 200 / 576 4 s
Q_VR 300 / 576 5 s
Q_VR 400 / 576 7 s
Q_VR 500 / 576 9 s
done Q_VR 576 configs 10 s
Q_TSMOM 0 / 288 0 s
Q_TSMOM 100 / 288 5 s
Q_TSMOM 200 / 288 9 s
done Q_TSMOM 288 configs 13 s
Q_GAPVOL 0 / 108 0 s
Q_GAPVOL 100 / 108 3 s
done Q_GAPVOL 108 configs 3 s
