configs: 9254 {'AMD_POC': 1344, 'RANGE_BREAK': 672, 'LEVEL_RETEST': 384, 'LEVEL_FADE': 512, 'VWAP_PULLBACK': 576, 'VWAP_BAND': 432, 'OPEN_DRIVE': 288, 'OD_PULLBACK': 162, 'PATTERN_5M': 352, 'VA_80': 108, 'CLOCK_ANCHOR': 1728, 'GAP': 216, 'HOD_RETEST': 192, 'VOL_BREAK': 192, 'PIVOT_FADE': 512, 'PIVOT_BREAK': 288, 'ROUND_NUM': 288, 'WEEK_LEVEL': 192, 'RSI_DIV': 192, 'ON_INVENTORY': 576, 'INSIDE_DAY': 48}
0 7 s
200 7 s
400 7 s
600 7 s
800 8 s
1000 8 s
1200 8 s
1400 8 s
1600 8 s
1800 8 s
2000 8 s
2200 9 s
2400 9 s
2600 9 s
2800 10 s
3000 10 s
3200 11 s
3400 11 s
3600 11 s
3800 12 s
4000 12 s
4200 12 s
4400 13 s
4600 15 s
4800 16 s
5000 16 s
5200 16 s
5400 16 s
5600 16 s
5800 17 s
6000 18 s
6200 18 s
6400 20 s
6600 21 s
6800 21 s
7000 21 s
7200 22 s
7400 22 s
7600 22 s
7800 23 s
8000 23 s
8200 23 s
8400 24 s
8600 24 s
8800 24 s
9000 24 s
9200 24 s
done 25 s; errors: 0
