configs: 6966 {'AMD_POC': 1344, 'RANGE_BREAK': 672, 'LEVEL_RETEST': 384, 'LEVEL_FADE': 512, 'VWAP_PULLBACK': 576, 'VWAP_BAND': 432, 'OPEN_DRIVE': 288, 'OD_PULLBACK': 162, 'PATTERN_5M': 352, 'VA_80': 108, 'CLOCK_ANCHOR': 1728, 'GAP': 216, 'HOD_RETEST': 192}
0 7 s
200 7 s
400 7 s
600 7 s
800 7 s
1000 8 s
1200 8 s
1400 8 s
1600 8 s
1800 8 s
2000 9 s
2200 9 s
2400 11 s
2600 11 s
2800 12 s
3000 13 s
3200 13 s
3400 13 s
3600 14 s
3800 14 s
4000 15 s
4200 15 s
4400 18 s
4600 19 s
4800 21 s
5000 21 s
5200 21 s
5400 22 s
5600 22 s
5800 22 s
6000 23 s
6200 23 s
6400 24 s
6600 25 s
6800 26 s
done 26 s; errors: 0
