configs: 6966 {'AMD_POC': 1344, 'RANGE_BREAK': 672, 'LEVEL_RETEST': 384, 'LEVEL_FADE': 512, 'VWAP_PULLBACK': 576, 'VWAP_BAND': 432, 'OPEN_DRIVE': 288, 'OD_PULLBACK': 162, 'PATTERN_5M': 352, 'VA_80': 108, 'CLOCK_ANCHOR': 1728, 'GAP': 216, 'HOD_RETEST': 192}
0 5 s
200 5 s
400 5 s
600 6 s
800 6 s
1000 6 s
1200 6 s
1400 6 s
1600 6 s
1800 6 s
2000 6 s
2200 7 s
2400 7 s
2600 7 s
2800 7 s
3000 8 s
3200 8 s
3400 8 s
3600 9 s
3800 9 s
4000 9 s
4200 9 s
4400 10 s
4600 11 s
4800 12 s
5000 12 s
5200 12 s
5400 12 s
5600 12 s
5800 13 s
6000 13 s
6200 14 s
6400 15 s
6600 16 s
6800 16 s
done 16 s; errors: 0
