IS days 948 trend-day rate 0.533 AUC 0.648
C24 days 657 trend-day rate 0.473 AUC 0.637
REAL days 629 trend-day rate 0.466 AUC 0.631
coef: {'or15': np.float64(0.089), 'or30': np.float64(0.174), 'or60': np.float64(-0.458), 'mv60': np.float64(0.262), 'er60': np.float64(0.414), 'gap': np.float64(-0.091), 'onr': np.float64(0.106), 'trend_align': np.float64(0.04), 'prev_td': np.float64(-0.098), 'atr_ratio': np.float64(-0.041)}
or15 [0.522 0.506 0.512]
or30 [0.528 0.539 0.546]
or60 [0.534 0.542 0.552]
mv60 [0.623 0.613 0.612]
er60 [0.631 0.627 0.624]
gap [0.502 0.495 0.493]
onr [0.502 0.5   0.508]
trend_align [0.527 0.515 0.518]
prev_td [0.473 0.49  0.481]
atr_ratio [0.499 0.5   0.498]
{'q': 0.5, 'thr': 0.518, 'stop': 'ATR 0.20', 'R': 1.0, 'IS_n': 458, 'IS_pf': 1.163, 'IS_wr': np.float64(55.7), 'IS_avg': 7.6, 'C24_n': 326, 'C24_pf': 1.135, 'C24_wr': np.float64(53.1), 'C24_avg': 8.4, 'REAL_n': 311, 'REAL_pf': 1.109, 'REAL_wr': np.float64(52.1), 'REAL_avg': 7.0, 'y1519_n': 568, 'y1519_pf': 1.035, 'y1519_wr': np.float64(51.8)}
{'q': 0.5, 'thr': 0.518, 'stop': 'ATR 0.20', 'R': 2.0, 'IS_n': 458, 'IS_pf': 1.4, 'IS_wr': np.float64(46.1), 'IS_avg': 21.8, 'C24_n': 326, 'C24_pf': 1.123, 'C24_wr': np.float64(41.4), 'C24_avg': 9.3, 'REAL_n': 311, 'REAL_pf': 1.138, 'REAL_wr': np.float64(41.5), 'REAL_avg': 10.6, 'y1519_n': 568, 'y1519_pf': 1.04, 'y1519_wr': np.float64(38.6)}
{'q': 0.5, 'thr': 0.518, 'stop': 'ATR 0.20', 'R': 99.0, 'IS_n': 458, 'IS_pf': 1.449, 'IS_wr': np.float64(42.4), 'IS_avg': 25.7, 'C24_n': 326, 'C24_pf': 1.119, 'C24_wr': np.float64(37.4), 'C24_avg': 9.5, 'REAL_n': 311, 'REAL_pf': 1.114, 'REAL_wr': np.float64(37.3), 'REAL_avg': 9.2, 'y1519_n': 568, 'y1519_pf': 1.132, 'y1519_wr': np.float64(34.3)}
{'q': 0.5, 'thr': 0.518, 'stop': 'extremo del día', 'R': 1.0, 'IS_n': 372, 'IS_pf': 1.226, 'IS_wr': np.float64(57.5), 'IS_avg': 15.8, 'C24_n': 242, 'C24_pf': 1.7, 'C24_wr': np.float64(59.9), 'C24_avg': 47.9, 'REAL_n': 232, 'REAL_pf': 1.7, 'REAL_wr': np.float64(59.5), 'REAL_avg': 49.0, 'y1519_n': 430, 'y1519_pf': 0.942, 'y1519_wr': np.float64(50.9)}
{'q': 0.5, 'thr': 0.518, 'stop': 'extremo del día', 'R': 2.0, 'IS_n': 372, 'IS_pf': 1.269, 'IS_wr': np.float64(54.0), 'IS_avg': 19.7, 'C24_n': 242, 'C24_pf': 1.551, 'C24_wr': np.float64(54.1), 'C24_avg': 42.0, 'REAL_n': 232, 'REAL_pf': 1.603, 'REAL_wr': np.float64(54.7), 'REAL_avg': 45.8, 'y1519_n': 430, 'y1519_pf': 0.946, 'y1519_wr': np.float64(45.1)}
{'q': 0.5, 'thr': 0.518, 'stop': 'extremo del día', 'R': 99.0, 'IS_n': 372, 'IS_pf': 1.243, 'IS_wr': np.float64(53.2), 'IS_avg': 17.9, 'C24_n': 242, 'C24_pf': 1.695, 'C24_wr': np.float64(53.7), 'C24_avg': 53.4, 'REAL_n': 232, 'REAL_pf': 1.737, 'REAL_wr': np.float64(54.3), 'REAL_avg': 56.5, 'y1519_n': 430, 'y1519_pf': 0.985, 'y1519_wr': np.float64(44.7)}
{'q': 0.5, 'thr': 0.518, 'stop': 'ATR 0.30', 'R': 1.0, 'IS_n': 458, 'IS_pf': 1.317, 'IS_wr': np.float64(58.1), 'IS_avg': 18.9, 'C24_n': 326, 'C24_pf': 1.117, 'C24_wr': np.float64(53.7), 'C24_avg': 9.7, 'REAL_n': 311, 'REAL_pf': 1.134, 'REAL_wr': np.float64(53.4), 'REAL_avg': 11.2, 'y1519_n': 568, 'y1519_pf': 0.977, 'y1519_wr': np.float64(50.4)}
{'q': 0.5, 'thr': 0.518, 'stop': 'ATR 0.30', 'R': 2.0, 'IS_n': 458, 'IS_pf': 1.443, 'IS_wr': np.float64(51.7), 'IS_avg': 29.2, 'C24_n': 326, 'C24_pf': 1.265, 'C24_wr': np.float64(49.1), 'C24_avg': 23.6, 'REAL_n': 311, 'REAL_pf': 1.319, 'REAL_wr': np.float64(49.2), 'REAL_avg': 28.0, 'y1519_n': 568, 'y1519_pf': 1.017, 'y1519_wr': np.float64(42.6)}
{'q': 0.5, 'thr': 0.518, 'stop': 'ATR 0.30', 'R': 99.0, 'IS_n': 458, 'IS_pf': 1.405, 'IS_wr': np.float64(50.2), 'IS_avg': 27.3, 'C24_n': 326, 'C24_pf': 1.183, 'C24_wr': np.float64(46.9), 'C24_avg': 16.7, 'REAL_n': 311, 'REAL_pf': 1.225, 'REAL_wr': np.float64(46.9), 'REAL_avg': 20.4, 'y1519_n': 568, 'y1519_pf': 1.08, 'y1519_wr': np.float64(41.4)}
{'q': 0.5, 'thr': 0.518, 'stop': 'ATR 0.45', 'R': 1.0, 'IS_n': 458, 'IS_pf': 1.399, 'IS_wr': np.float64(59.4), 'IS_avg': 28.2, 'C24_n': 326, 'C24_pf': 1.268, 'C24_wr': np.float64(54.6), 'C24_avg': 24.2, 'REAL_n': 311, 'REAL_pf': 1.32, 'REAL_wr': np.float64(55.0), 'REAL_avg': 28.8, 'y1519_n': 568, 'y1519_pf': 0.974, 'y1519_wr': np.float64(49.8)}
{'q': 0.5, 'thr': 0.518, 'stop': 'ATR 0.45', 'R': 2.0, 'IS_n': 458, 'IS_pf': 1.401, 'IS_wr': np.float64(56.8), 'IS_avg': 29.6, 'C24_n': 326, 'C24_pf': 1.292, 'C24_wr': np.float64(51.5), 'C24_avg': 28.0, 'REAL_n': 311, 'REAL_pf': 1.305, 'REAL_wr': np.float64(51.8), 'REAL_avg': 29.3, 'y1519_n': 568, 'y1519_pf': 0.991, 'y1519_wr': np.float64(46.3)}
{'q': 0.5, 'thr': 0.518, 'stop': 'ATR 0.45', 'R': 99.0, 'IS_n': 458, 'IS_pf': 1.37, 'IS_wr': np.float64(56.6), 'IS_avg': 27.4, 'C24_n': 326, 'C24_pf': 1.338, 'C24_wr': np.float64(51.5), 'C24_avg': 32.4, 'REAL_n': 311, 'REAL_pf': 1.373, 'REAL_wr': np.float64(51.8), 'REAL_avg': 35.9, 'y1519_n': 568, 'y1519_pf': 1.017, 'y1519_wr': np.float64(46.3)}
{'q': 0.667, 'thr': 0.59, 'stop': 'ATR 0.20', 'R': 1.0, 'IS_n': 306, 'IS_pf': 1.422, 'IS_wr': np.float64(59.8), 'IS_avg': 17.1, 'C24_n': 208, 'C24_pf': 1.0, 'C24_wr': np.float64(51.4), 'C24_avg': 0.0, 'REAL_n': 206, 'REAL_pf': 1.019, 'REAL_wr': np.float64(51.0), 'REAL_avg': 1.3, 'y1519_n': 359, 'y1519_pf': 0.972, 'y1519_wr': np.float64(49.9)}
{'q': 0.667, 'thr': 0.59, 'stop': 'ATR 0.20', 'R': 2.0, 'IS_n': 306, 'IS_pf': 1.548, 'IS_wr': np.float64(48.4), 'IS_avg': 27.8, 'C24_n': 208, 'C24_pf': 1.125, 'C24_wr': np.float64(41.3), 'C24_avg': 9.6, 'REAL_n': 206, 'REAL_pf': 1.114, 'REAL_wr': np.float64(40.8), 'REAL_avg': 8.9, 'y1519_n': 359, 'y1519_pf': 1.052, 'y1519_wr': np.float64(37.6)}
{'q': 0.667, 'thr': 0.59, 'stop': 'ATR 0.20', 'R': 99.0, 'IS_n': 306, 'IS_pf': 1.576, 'IS_wr': np.float64(45.4), 'IS_avg': 30.4, 'C24_n': 208, 'C24_pf': 1.101, 'C24_wr': np.float64(37.5), 'C24_avg': 8.2, 'REAL_n': 206, 'REAL_pf': 1.068, 'REAL_wr': np.float64(36.9), 'REAL_avg': 5.6, 'y1519_n': 359, 'y1519_pf': 1.13, 'y1519_wr': np.float64(32.9)}
{'q': 0.667, 'thr': 0.59, 'stop': 'extremo del día', 'R': 1.0, 'IS_n': 231, 'IS_pf': 1.46, 'IS_wr': np.float64(61.5), 'IS_avg': 28.9, 'C24_n': 135, 'C24_pf': 2.077, 'C24_wr': np.float64(63.0), 'C24_avg': 66.0, 'REAL_n': 133, 'REAL_pf': 1.801, 'REAL_wr': np.float64(60.2), 'REAL_avg': 53.9, 'y1519_n': 242, 'y1519_pf': 0.884, 'y1519_wr': np.float64(49.2)}
{'q': 0.667, 'thr': 0.59, 'stop': 'extremo del día', 'R': 2.0, 'IS_n': 231, 'IS_pf': 1.291, 'IS_wr': np.float64(57.6), 'IS_avg': 19.6, 'C24_n': 135, 'C24_pf': 1.978, 'C24_wr': np.float64(58.5), 'C24_avg': 65.1, 'REAL_n': 133, 'REAL_pf': 1.723, 'REAL_wr': np.float64(57.1), 'REAL_avg': 51.4, 'y1519_n': 242, 'y1519_pf': 0.933, 'y1519_wr': np.float64(45.5)}
{'q': 0.667, 'thr': 0.59, 'stop': 'extremo del día', 'R': 99.0, 'IS_n': 231, 'IS_pf': 1.299, 'IS_wr': np.float64(57.6), 'IS_avg': 20.1, 'C24_n': 135, 'C24_pf': 2.244, 'C24_wr': np.float64(58.5), 'C24_avg': 82.8, 'REAL_n': 133, 'REAL_pf': 1.687, 'REAL_wr': np.float64(57.1), 'REAL_avg': 48.8, 'y1519_n': 242, 'y1519_pf': 0.961, 'y1519_wr': np.float64(45.0)}
{'q': 0.667, 'thr': 0.59, 'stop': 'ATR 0.30', 'R': 1.0, 'IS_n': 306, 'IS_pf': 1.641, 'IS_wr': np.float64(62.4), 'IS_avg': 33.0, 'C24_n': 208, 'C24_pf': 1.005, 'C24_wr': np.float64(51.4), 'C24_avg': 0.4, 'REAL_n': 206, 'REAL_pf': 1.071, 'REAL_wr': np.float64(51.5), 'REAL_avg': 6.2, 'y1519_n': 359, 'y1519_pf': 0.916, 'y1519_wr': np.float64(48.5)}
{'q': 0.667, 'thr': 0.59, 'stop': 'ATR 0.30', 'R': 2.0, 'IS_n': 306, 'IS_pf': 1.637, 'IS_wr': np.float64(55.2), 'IS_avg': 37.4, 'C24_n': 208, 'C24_pf': 1.183, 'C24_wr': np.float64(47.1), 'C24_avg': 17.2, 'REAL_n': 206, 'REAL_pf': 1.225, 'REAL_wr': np.float64(46.6), 'REAL_avg': 20.9, 'y1519_n': 359, 'y1519_pf': 1.064, 'y1519_wr': np.float64(42.1)}
{'q': 0.667, 'thr': 0.59, 'stop': 'ATR 0.30', 'R': 99.0, 'IS_n': 306, 'IS_pf': 1.598, 'IS_wr': np.float64(53.9), 'IS_avg': 35.7, 'C24_n': 208, 'C24_pf': 1.135, 'C24_wr': np.float64(45.7), 'C24_avg': 12.9, 'REAL_n': 206, 'REAL_pf': 1.161, 'REAL_wr': np.float64(45.1), 'REAL_avg': 15.2, 'y1519_n': 359, 'y1519_pf': 1.11, 'y1519_wr': np.float64(40.9)}
{'q': 0.667, 'thr': 0.59, 'stop': 'ATR 0.45', 'R': 1.0, 'IS_n': 306, 'IS_pf': 1.692, 'IS_wr': np.float64(62.1), 'IS_avg': 41.4, 'C24_n': 208, 'C24_pf': 1.271, 'C24_wr': np.float64(54.3), 'C24_avg': 25.2, 'REAL_n': 206, 'REAL_pf': 1.226, 'REAL_wr': np.float64(52.9), 'REAL_avg': 21.8, 'y1519_n': 359, 'y1519_pf': 0.981, 'y1519_wr': np.float64(49.3)}
{'q': 0.667, 'thr': 0.59, 'stop': 'ATR 0.45', 'R': 2.0, 'IS_n': 306, 'IS_pf': 1.588, 'IS_wr': np.float64(59.5), 'IS_avg': 37.2, 'C24_n': 208, 'C24_pf': 1.324, 'C24_wr': np.float64(51.4), 'C24_avg': 32.1, 'REAL_n': 206, 'REAL_pf': 1.207, 'REAL_wr': np.float64(50.0), 'REAL_avg': 21.2, 'y1519_n': 359, 'y1519_pf': 1.041, 'y1519_wr': np.float64(46.2)}
{'q': 0.667, 'thr': 0.59, 'stop': 'ATR 0.45', 'R': 99.0, 'IS_n': 306, 'IS_pf': 1.61, 'IS_wr': np.float64(59.5), 'IS_avg': 38.6, 'C24_n': 208, 'C24_pf': 1.377, 'C24_wr': np.float64(51.4), 'C24_avg': 37.3, 'REAL_n': 206, 'REAL_pf': 1.168, 'REAL_wr': np.float64(50.0), 'REAL_avg': 17.2, 'y1519_n': 359, 'y1519_pf': 1.043, 'y1519_wr': np.float64(46.2)}
{'q': 0.8, 'thr': 0.647, 'stop': 'ATR 0.20', 'R': 1.0, 'IS_n': 186, 'IS_pf': 1.273, 'IS_wr': np.float64(56.5), 'IS_avg': 11.8, 'C24_n': 142, 'C24_pf': 1.127, 'C24_wr': np.float64(53.5), 'C24_avg': 8.1, 'REAL_n': 135, 'REAL_pf': 1.077, 'REAL_wr': np.float64(51.1), 'REAL_avg': 5.2, 'y1519_n': 224, 'y1519_pf': 0.956, 'y1519_wr': np.float64(49.6)}
{'q': 0.8, 'thr': 0.647, 'stop': 'ATR 0.20', 'R': 2.0, 'IS_n': 186, 'IS_pf': 1.576, 'IS_wr': np.float64(47.8), 'IS_avg': 29.4, 'C24_n': 142, 'C24_pf': 1.159, 'C24_wr': np.float64(40.8), 'C24_avg': 12.1, 'REAL_n': 135, 'REAL_pf': 1.114, 'REAL_wr': np.float64(39.3), 'REAL_avg': 9.1, 'y1519_n': 224, 'y1519_pf': 1.045, 'y1519_wr': np.float64(37.1)}
{'q': 0.8, 'thr': 0.647, 'stop': 'ATR 0.20', 'R': 99.0, 'IS_n': 186, 'IS_pf': 1.573, 'IS_wr': np.float64(46.2), 'IS_avg': 29.9, 'C24_n': 142, 'C24_pf': 1.139, 'C24_wr': np.float64(38.0), 'C24_avg': 11.1, 'REAL_n': 135, 'REAL_pf': 1.05, 'REAL_wr': np.float64(36.3), 'REAL_avg': 4.1, 'y1519_n': 224, 'y1519_pf': 1.173, 'y1519_wr': np.float64(33.9)}
{'q': 0.8, 'thr': 0.647, 'stop': 'extremo del día', 'R': 1.0, 'IS_n': 129, 'IS_pf': 1.241, 'IS_wr': np.float64(58.9), 'IS_avg': 17.6, 'C24_n': 83, 'C24_pf': 2.219, 'C24_wr': np.float64(63.9), 'C24_avg': 75.5, 'REAL_n': 80, 'REAL_pf': 1.976, 'REAL_wr': np.float64(61.3), 'REAL_avg': 65.5, 'y1519_n': 134, 'y1519_pf': 0.903, 'y1519_wr': np.float64(49.3)}
{'q': 0.8, 'thr': 0.647, 'stop': 'extremo del día', 'R': 2.0, 'IS_n': 129, 'IS_pf': 1.209, 'IS_wr': np.float64(57.4), 'IS_avg': 15.5, 'C24_n': 83, 'C24_pf': 1.927, 'C24_wr': np.float64(60.2), 'C24_avg': 61.8, 'REAL_n': 80, 'REAL_pf': 1.713, 'REAL_wr': np.float64(58.8), 'REAL_avg': 50.3, 'y1519_n': 134, 'y1519_pf': 0.999, 'y1519_wr': np.float64(47.8)}
{'q': 0.8, 'thr': 0.647, 'stop': 'extremo del día', 'R': 99.0, 'IS_n': 129, 'IS_pf': 1.208, 'IS_wr': np.float64(57.4), 'IS_avg': 15.4, 'C24_n': 83, 'C24_pf': 1.946, 'C24_wr': np.float64(60.2), 'C24_avg': 63.1, 'REAL_n': 80, 'REAL_pf': 1.736, 'REAL_wr': np.float64(58.8), 'REAL_avg': 52.0, 'y1519_n': 134, 'y1519_pf': 0.979, 'y1519_wr': np.float64(47.8)}
{'q': 0.8, 'thr': 0.647, 'stop': 'ATR 0.30', 'R': 1.0, 'IS_n': 186, 'IS_pf': 1.433, 'IS_wr': np.float64(58.6), 'IS_avg': 24.3, 'C24_n': 142, 'C24_pf': 1.084, 'C24_wr': np.float64(51.4), 'C24_avg': 7.1, 'REAL_n': 135, 'REAL_pf': 1.092, 'REAL_wr': np.float64(49.6), 'REAL_avg': 7.9, 'y1519_n': 224, 'y1519_pf': 0.928, 'y1519_wr': np.float64(47.8)}
{'q': 0.8, 'thr': 0.647, 'stop': 'ATR 0.30', 'R': 2.0, 'IS_n': 186, 'IS_pf': 1.635, 'IS_wr': np.float64(54.8), 'IS_avg': 38.3, 'C24_n': 142, 'C24_pf': 1.268, 'C24_wr': np.float64(47.2), 'C24_avg': 24.2, 'REAL_n': 135, 'REAL_pf': 1.228, 'REAL_wr': np.float64(45.2), 'REAL_avg': 20.8, 'y1519_n': 224, 'y1519_pf': 1.142, 'y1519_wr': np.float64(42.9)}
{'q': 0.8, 'thr': 0.647, 'stop': 'ATR 0.30', 'R': 99.0, 'IS_n': 186, 'IS_pf': 1.538, 'IS_wr': np.float64(54.3), 'IS_avg': 32.5, 'C24_n': 142, 'C24_pf': 1.136, 'C24_wr': np.float64(45.8), 'C24_avg': 12.5, 'REAL_n': 135, 'REAL_pf': 1.084, 'REAL_wr': np.float64(43.7), 'REAL_avg': 7.9, 'y1519_n': 224, 'y1519_pf': 1.177, 'y1519_wr': np.float64(42.0)}
{'q': 0.8, 'thr': 0.647, 'stop': 'ATR 0.45', 'R': 1.0, 'IS_n': 186, 'IS_pf': 1.597, 'IS_wr': np.float64(61.3), 'IS_avg': 37.9, 'C24_n': 142, 'C24_pf': 1.267, 'C24_wr': np.float64(52.8), 'C24_avg': 25.1, 'REAL_n': 135, 'REAL_pf': 1.219, 'REAL_wr': np.float64(50.4), 'REAL_avg': 21.5, 'y1519_n': 224, 'y1519_pf': 1.0, 'y1519_wr': np.float64(49.6)}
{'q': 0.8, 'thr': 0.647, 'stop': 'ATR 0.45', 'R': 2.0, 'IS_n': 186, 'IS_pf': 1.537, 'IS_wr': np.float64(59.7), 'IS_avg': 35.1, 'C24_n': 142, 'C24_pf': 1.291, 'C24_wr': np.float64(50.7), 'C24_avg': 28.6, 'REAL_n': 135, 'REAL_pf': 1.159, 'REAL_wr': np.float64(48.1), 'REAL_avg': 16.3, 'y1519_n': 224, 'y1519_pf': 1.113, 'y1519_wr': np.float64(47.8)}
{'q': 0.8, 'thr': 0.647, 'stop': 'ATR 0.45', 'R': 99.0, 'IS_n': 186, 'IS_pf': 1.514, 'IS_wr': np.float64(59.7), 'IS_avg': 33.6, 'C24_n': 142, 'C24_pf': 1.184, 'C24_wr': np.float64(50.7), 'C24_avg': 18.1, 'REAL_n': 135, 'REAL_pf': 1.109, 'REAL_wr': np.float64(48.1), 'REAL_avg': 11.1, 'y1519_n': 224, 'y1519_pf': 1.107, 'y1519_wr': np.float64(47.8)}
    q   thr            stop    R  IS_n  IS_pf  IS_wr  IS_avg  C24_n  C24_pf  C24_wr  C24_avg  REAL_n  REAL_pf  REAL_wr  REAL_avg  y1519_n  y1519_pf  y1519_wr  minpf
0.800 0.647        ATR 0.30  2.0   186  1.635   54.8    38.3    142   1.268    47.2     24.2     135    1.228     45.2      20.8      224     1.142      42.9  1.142
0.500 0.518        ATR 0.20 99.0   458  1.449   42.4    25.7    326   1.119    37.4      9.5     311    1.114     37.3       9.2      568     1.132      34.3  1.114
0.800 0.647        ATR 0.45  2.0   186  1.537   59.7    35.1    142   1.291    50.7     28.6     135    1.159     48.1      16.3      224     1.113      47.8  1.113
0.667 0.590        ATR 0.30 99.0   306  1.598   53.9    35.7    208   1.135    45.7     12.9     206    1.161     45.1      15.2      359     1.110      40.9  1.110
0.800 0.647        ATR 0.45 99.0   186  1.514   59.7    33.6    142   1.184    50.7     18.1     135    1.109     48.1      11.1      224     1.107      47.8  1.107
0.800 0.647        ATR 0.30 99.0   186  1.538   54.3    32.5    142   1.136    45.8     12.5     135    1.084     43.7       7.9      224     1.177      42.0  1.084
0.500 0.518        ATR 0.30 99.0   458  1.405   50.2    27.3    326   1.183    46.9     16.7     311    1.225     46.9      20.4      568     1.080      41.4  1.080
0.667 0.590        ATR 0.20 99.0   306  1.576   45.4    30.4    208   1.101    37.5      8.2     206    1.068     36.9       5.6      359     1.130      32.9  1.068
0.667 0.590        ATR 0.30  2.0   306  1.637   55.2    37.4    208   1.183    47.1     17.2     206    1.225     46.6      20.9      359     1.064      42.1  1.064
0.667 0.590        ATR 0.20  2.0   306  1.548   48.4    27.8    208   1.125    41.3      9.6     206    1.114     40.8       8.9      359     1.052      37.6  1.052
0.800 0.647        ATR 0.20 99.0   186  1.573   46.2    29.9    142   1.139    38.0     11.1     135    1.050     36.3       4.1      224     1.173      33.9  1.050
0.800 0.647        ATR 0.20  2.0   186  1.576   47.8    29.4    142   1.159    40.8     12.1     135    1.114     39.3       9.1      224     1.045      37.1  1.045
0.667 0.590        ATR 0.45 99.0   306  1.610   59.5    38.6    208   1.377    51.4     37.3     206    1.168     50.0      17.2      359     1.043      46.2  1.043
0.667 0.590        ATR 0.45  2.0   306  1.588   59.5    37.2    208   1.324    51.4     32.1     206    1.207     50.0      21.2      359     1.041      46.2  1.041
0.500 0.518        ATR 0.20  2.0   458  1.400   46.1    21.8    326   1.123    41.4      9.3     311    1.138     41.5      10.6      568     1.040      38.6  1.040
0.500 0.518        ATR 0.20  1.0   458  1.163   55.7     7.6    326   1.135    53.1      8.4     311    1.109     52.1       7.0      568     1.035      51.8  1.035
0.500 0.518        ATR 0.30  2.0   458  1.443   51.7    29.2    326   1.265    49.1     23.6     311    1.319     49.2      28.0      568     1.017      42.6  1.017
0.500 0.518        ATR 0.45 99.0   458  1.370   56.6    27.4    326   1.338    51.5     32.4     311    1.373     51.8      35.9      568     1.017      46.3  1.017
0.800 0.647        ATR 0.45  1.0   186  1.597   61.3    37.9    142   1.267    52.8     25.1     135    1.219     50.4      21.5      224     1.000      49.6  1.000
0.800 0.647 extremo del día  2.0   129  1.209   57.4    15.5     83   1.927    60.2     61.8      80    1.713     58.8      50.3      134     0.999      47.8  0.999
0.500 0.518        ATR 0.45  2.0   458  1.401   56.8    29.6    326   1.292    51.5     28.0     311    1.305     51.8      29.3      568     0.991      46.3  0.991
0.500 0.518 extremo del día 99.0   372  1.243   53.2    17.9    242   1.695    53.7     53.4     232    1.737     54.3      56.5      430     0.985      44.7  0.985
0.667 0.590        ATR 0.45  1.0   306  1.692   62.1    41.4    208   1.271    54.3     25.2     206    1.226     52.9      21.8      359     0.981      49.3  0.981
0.800 0.647 extremo del día 99.0   129  1.208   57.4    15.4     83   1.946    60.2     63.1      80    1.736     58.8      52.0      134     0.979      47.8  0.979
0.500 0.518        ATR 0.30  1.0   458  1.317   58.1    18.9    326   1.117    53.7      9.7     311    1.134     53.4      11.2      568     0.977      50.4  0.977
0.500 0.518        ATR 0.45  1.0   458  1.399   59.4    28.2    326   1.268    54.6     24.2     311    1.320     55.0      28.8      568     0.974      49.8  0.974
0.667 0.590        ATR 0.20  1.0   306  1.422   59.8    17.1    208   1.000    51.4      0.0     206    1.019     51.0       1.3      359     0.972      49.9  0.972
0.667 0.590 extremo del día 99.0   231  1.299   57.6    20.1    135   2.244    58.5     82.8     133    1.687     57.1      48.8      242     0.961      45.0  0.961
0.800 0.647        ATR 0.20  1.0   186  1.273   56.5    11.8    142   1.127    53.5      8.1     135    1.077     51.1       5.2      224     0.956      49.6  0.956
0.500 0.518 extremo del día  2.0   372  1.269   54.0    19.7    242   1.551    54.1     42.0     232    1.603     54.7      45.8      430     0.946      45.1  0.946
0.500 0.518 extremo del día  1.0   372  1.226   57.5    15.8    242   1.700    59.9     47.9     232    1.700     59.5      49.0      430     0.942      50.9  0.942
0.667 0.590 extremo del día  2.0   231  1.291   57.6    19.6    135   1.978    58.5     65.1     133    1.723     57.1      51.4      242     0.933      45.5  0.933
0.800 0.647        ATR 0.30  1.0   186  1.433   58.6    24.3    142   1.084    51.4      7.1     135    1.092     49.6       7.9      224     0.928      47.8  0.928
0.667 0.590        ATR 0.30  1.0   306  1.641   62.4    33.0    208   1.005    51.4      0.4     206    1.071     51.5       6.2      359     0.916      48.5  0.916
0.800 0.647 extremo del día  1.0   129  1.241   58.9    17.6     83   2.219    63.9     75.5      80    1.976     61.3      65.5      134     0.903      49.3  0.903
0.667 0.590 extremo del día  1.0   231  1.460   61.5    28.9    135   2.077    63.0     66.0     133    1.801     60.2      53.9      242     0.884      49.2  0.884
